---
source: reflect-demo/src/main.rs
expression: "TestStructOneBasicFieldString::reflect_input()"
---
Schema {
    name: "",
    types: [
        Type {
            name: "reflect_demo::test::TestStructOneBasicFieldString",
            fields: [
                Field {
                    name: "_f",
                    type_ref: TypeRef {
                        name: "String",
                    },
                    _debug: "",
                },
            ],
            _debug: "",
        },
    ],
    _debug: "",
    types_map: {
        "reflect_demo::test::TestStructOneBasicFieldString": 0,
    },
}
