---
source: reflect-demo/src/main.rs
expression: "TestStructOneBasicFieldString::reflect_input()"
---
{
  "name": "",
  "types": [
    {
      "name": "std::string::String"
    },
    {
      "name": "reflect_demo::test::TestStructOneBasicFieldString",
      "fields": [
        {
          "name": "_f",
          "type": {
            "name": "std::string::String"
          }
        }
      ]
    }
  ]
}
