---
source: reflect-demo/src/main.rs
expression: "TestStructOneBasicFieldStringReflectBothEqually::reflect_input()"
---
Schema {
    name: "",
    types: [
        Type {
            name: "reflect_demo::test::TestStructOneBasicFieldStringReflectBothEqually",
            fields: [
                Field {
                    name: "_f",
                    type_ref: TypeRef {
                        name: "u32",
                    },
                    _debug: "",
                },
            ],
            _debug: "",
        },
    ],
    _debug: "",
    types_map: {
        "reflect_demo::test::TestStructOneBasicFieldStringReflectBothEqually": 0,
    },
}
