---
source: reflect-demo/src/main.rs
expression: "TestStructOneBasicFieldU32::reflect_input()"
---
{
  "name": "",
  "types": [
    {
      "name": "u32"
    },
    {
      "name": "reflect_demo::test::TestStructOneBasicFieldU32",
      "fields": [
        {
          "name": "_f",
          "type": {
            "name": "u32"
          }
        }
      ]
    }
  ]
}
