---
source: reflect-demo/src/main.rs
expression: "TestStructOneBasicFieldStringReflectBothEqually2::reflect_output()"
---
{
  "name": "",
  "types": [
    {
      "name": "reflect_demo::test::TestStructOneBasicFieldStringReflectBothEqually2",
      "fields": [
        {
          "name": "_f",
          "type": {
            "name": "u32"
          }
        }
      ]
    }
  ]
}
