---
source: reflect-demo/src/main.rs
expression: "TestStructOneBasicFieldString::reflect_input()"
---
{
  "name": "",
  "types": [
    {
      "name": "reflect_demo::test::TestStructOneBasicFieldString",
      "fields": [
        {
          "name": "_f",
          "type": {
            "name": "String"
          },
          "_debug": ""
        }
      ],
      "_debug": ""
    }
  ],
  "_debug": ""
}
