---
source: reflectapi-demo/src/tests/serde.rs
expression: schema
snapshot_kind: text
---
{
  "name": "",
  "functions": [
    {
      "name": "inout_test",
      "path": "",
      "input_type": {
        "name": "reflectapi_demo::tests::serde::TestEnumWithFieldSkip"
      },
      "output_type": {
        "name": "reflectapi_demo::tests::serde::TestEnumWithFieldSkip"
      },
      "serialization": [
        "json",
        "msgpack"
      ]
    }
  ],
  "input_types": {
    "types": [
      {
        "kind": "struct",
        "name": "reflectapi::Empty",
        "description": "Struct object with no fields",
        "fields": "none"
      },
      {
        "kind": "enum",
        "name": "reflectapi_demo::tests::serde::TestEnumWithFieldSkip",
        "variants": [
          {
            "name": "Variant1",
            "fields": {
              "named": []
            }
          }
        ]
      }
    ]
  },
  "output_types": {
    "types": [
      {
        "kind": "struct",
        "name": "reflectapi::Infallible",
        "description": "Error object which is expected to be never returned",
        "fields": "none"
      },
      {
        "kind": "enum",
        "name": "reflectapi_demo::tests::serde::TestEnumWithFieldSkip",
        "variants": [
          {
            "name": "Variant1",
            "fields": {
              "named": []
            }
          }
        ]
      }
    ]
  }
}
