---
source: reflectapi-demo/src/tests/enums.rs
expression: schema
---
{
  "name": "",
  "functions": [
    {
      "name": "inout_test",
      "path": "",
      "input_type": {
        "name": "reflectapi_demo::tests::enums::A"
      },
      "output_type": {
        "name": "reflectapi_demo::tests::enums::A"
      },
      "serialization": [
        "json",
        "msgpack"
      ]
    }
  ],
  "input_types": {
    "types": [
      {
        "kind": "struct",
        "name": "reflectapi::Empty",
        "description": "Struct object with no fields",
        "fields": "none"
      },
      {
        "kind": "enum",
        "name": "reflectapi_demo::tests::enums::A",
        "representation": {
          "internal": {
            "tag": "type"
          }
        },
        "variants": [
          {
            "name": "X",
            "fields": "none"
          },
          {
            "name": "Y",
            "fields": {
              "unnamed": [
                {
                  "name": "0",
                  "type": {
                    "name": "std::tuple::Tuple0"
                  },
                  "required": true
                }
              ]
            }
          }
        ]
      },
      {
        "kind": "primitive",
        "name": "std::tuple::Tuple0",
        "description": "Unit type"
      }
    ]
  },
  "output_types": {
    "types": [
      {
        "kind": "struct",
        "name": "reflectapi::Infallible",
        "description": "Error object which is expected to be never returned",
        "fields": "none"
      },
      {
        "kind": "enum",
        "name": "reflectapi_demo::tests::enums::A",
        "representation": {
          "internal": {
            "tag": "type"
          }
        },
        "variants": [
          {
            "name": "X",
            "fields": "none"
          },
          {
            "name": "Y",
            "fields": {
              "unnamed": [
                {
                  "name": "0",
                  "type": {
                    "name": "std::tuple::Tuple0"
                  },
                  "required": true
                }
              ]
            }
          }
        ]
      },
      {
        "kind": "primitive",
        "name": "std::tuple::Tuple0",
        "description": "Unit type"
      }
    ]
  }
}
