---
source: reflectapi-demo/src/tests/serde.rs
expression: "reflectapi::codegen::openapi::Spec::from(&schema)"
---
{
  "openapi": "3.1.0",
  "info": {
    "title": "",
    "description": "",
    "version": "1.0.0"
  },
  "paths": {
    "/inout_test": {
      "description": "",
      "post": {
        "operationId": "inout_test",
        "requestBody": {
          "content": {
            "application/json": {
              "schema": {
                "$ref": "#/components/schemas/TestStructWithFlatten"
              }
            }
          },
          "required": true
        },
        "responses": {
          "200": {
            "description": "200 OK",
            "content": {
              "application/json": {
                "schema": {
                  "$ref": "#/components/schemas/TestStructWithFlatten"
                }
              }
            }
          }
        }
      }
    }
  },
  "components": {
    "schemas": {
      "TestStructWithFlatten": {
        "type": "object",
        "title": "TestStructWithFlatten",
        "required": [
          "g"
        ],
        "properties": {
          "g": {
            "$ref": "#/components/schemas/TestStructWithFlattenNested"
          }
        }
      },
      "TestStructWithFlattenNested": {
        "type": "object",
        "title": "TestStructWithFlattenNested",
        "required": [
          "f"
        ],
        "properties": {
          "f": {
            "$ref": "#/components/schemas/u8"
          }
        }
      },
      "u8": {
        "description": "8-bit unsigned integer",
        "type": "integer"
      }
    }
  }
}
