---
source: reflectapi-demo/src/tests/serde.rs
expression: schema
---
{
  "id": {
    "kind": "Struct",
    "path": [
      "Schema"
    ],
    "disambiguator": 0
  },
  "name": "",
  "functions": [
    {
      "id": {
        "kind": "Endpoint",
        "path": [
          "inout_test"
        ],
        "disambiguator": 0
      },
      "name": "inout_test",
      "path": "",
      "input_type": {
        "name": "reflectapi_demo::tests::serde::TestStruct"
      },
      "output_type": {
        "name": "reflectapi_demo::tests::serde::TestStruct"
      },
      "serialization": [
        "json",
        "msgpack"
      ]
    }
  ],
  "input_types": {
    "types": [
      {
        "kind": "primitive",
        "id": {
          "kind": "Primitive",
          "path": [
            "chrono::DateTime"
          ],
          "disambiguator": 0
        },
        "name": "chrono::DateTime",
        "description": "DateTime at a given timezone (RFC3339 format)",
        "parameters": [
          {
            "name": "Tz"
          }
        ],
        "fallback": {
          "name": "std::string::String"
        }
      },
      {
        "kind": "primitive",
        "id": {
          "kind": "Primitive",
          "path": [
            "chrono::NaiveDate"
          ],
          "disambiguator": 0
        },
        "name": "chrono::NaiveDate",
        "description": "Date without timezone (%Y-%m-%d)",
        "fallback": {
          "name": "std::string::String"
        }
      },
      {
        "kind": "primitive",
        "id": {
          "kind": "Primitive",
          "path": [
            "chrono::NaiveDateTime"
          ],
          "disambiguator": 0
        },
        "name": "chrono::NaiveDateTime",
        "description": "Date time without timezone (%Y-%m-%dT%H:%M:%S%.f)",
        "fallback": {
          "name": "std::string::String"
        }
      },
      {
        "kind": "primitive",
        "id": {
          "kind": "Primitive",
          "path": [
            "chrono::NaiveTime"
          ],
          "disambiguator": 0
        },
        "name": "chrono::NaiveTime",
        "description": "Time without timezone (%H:%M:%S%.f)",
        "fallback": {
          "name": "std::string::String"
        }
      },
      {
        "kind": "struct",
        "id": {
          "kind": "Struct",
          "path": [
            "reflectapi::Empty"
          ],
          "disambiguator": 0
        },
        "name": "reflectapi::Empty",
        "description": "Struct object with no fields",
        "fields": "none"
      },
      {
        "kind": "struct",
        "id": {
          "kind": "Struct",
          "path": [
            "TestStruct"
          ],
          "disambiguator": 0
        },
        "name": "reflectapi_demo::tests::serde::TestStruct",
        "fields": {
          "named": [
            {
              "id": {
                "kind": "Field",
                "path": [
                  "duration"
                ],
                "disambiguator": 0
              },
              "name": "duration",
              "type": {
                "name": "std::time::Duration"
              },
              "required": true
            },
            {
              "id": {
                "kind": "Field",
                "path": [
                  "naive_time"
                ],
                "disambiguator": 0
              },
              "name": "naive_time",
              "type": {
                "name": "chrono::NaiveTime"
              },
              "required": true
            },
            {
              "id": {
                "kind": "Field",
                "path": [
                  "naive_date"
                ],
                "disambiguator": 0
              },
              "name": "naive_date",
              "type": {
                "name": "chrono::NaiveDate"
              },
              "required": true
            },
            {
              "id": {
                "kind": "Field",
                "path": [
                  "naive_datetime"
                ],
                "disambiguator": 0
              },
              "name": "naive_datetime",
              "type": {
                "name": "chrono::NaiveDateTime"
              },
              "required": true
            },
            {
              "id": {
                "kind": "Field",
                "path": [
                  "date_time_fixed_offset"
                ],
                "disambiguator": 0
              },
              "name": "date_time_fixed_offset",
              "type": {
                "name": "chrono::DateTime",
                "arguments": [
                  {
                    "name": "chrono::FixedOffset"
                  }
                ]
              },
              "required": true
            },
            {
              "id": {
                "kind": "Field",
                "path": [
                  "date_time_utc"
                ],
                "disambiguator": 0
              },
              "name": "date_time_utc",
              "type": {
                "name": "chrono::DateTime",
                "arguments": [
                  {
                    "name": "chrono::Utc"
                  }
                ]
              },
              "required": true
            },
            {
              "id": {
                "kind": "Field",
                "path": [
                  "date_time_local"
                ],
                "disambiguator": 0
              },
              "name": "date_time_local",
              "type": {
                "name": "chrono::DateTime",
                "arguments": [
                  {
                    "name": "chrono::Local"
                  }
                ]
              },
              "required": true
            }
          ]
        }
      },
      {
        "kind": "struct",
        "id": {
          "kind": "Struct",
          "path": [
            "std::time::Duration"
          ],
          "disambiguator": 0
        },
        "name": "std::time::Duration",
        "description": "Time duration type",
        "fields": {
          "named": [
            {
              "id": {
                "kind": "Field",
                "path": [
                  "secs"
                ],
                "disambiguator": 0
              },
              "name": "secs",
              "type": {
                "name": "u64"
              },
              "required": true
            },
            {
              "id": {
                "kind": "Field",
                "path": [
                  "nanos"
                ],
                "disambiguator": 0
              },
              "name": "nanos",
              "type": {
                "name": "u32"
              },
              "required": true
            }
          ]
        }
      },
      {
        "kind": "primitive",
        "id": {
          "kind": "Primitive",
          "path": [
            "u32"
          ],
          "disambiguator": 0
        },
        "name": "u32",
        "description": "32-bit unsigned integer"
      },
      {
        "kind": "primitive",
        "id": {
          "kind": "Primitive",
          "path": [
            "u64"
          ],
          "disambiguator": 0
        },
        "name": "u64",
        "description": "64-bit unsigned integer"
      }
    ]
  },
  "output_types": {
    "types": [
      {
        "kind": "primitive",
        "id": {
          "kind": "Primitive",
          "path": [
            "chrono::DateTime"
          ],
          "disambiguator": 0
        },
        "name": "chrono::DateTime",
        "description": "DateTime at a given timezone (RFC3339 format)",
        "parameters": [
          {
            "name": "Tz"
          }
        ],
        "fallback": {
          "name": "std::string::String"
        }
      },
      {
        "kind": "primitive",
        "id": {
          "kind": "Primitive",
          "path": [
            "chrono::NaiveDate"
          ],
          "disambiguator": 0
        },
        "name": "chrono::NaiveDate",
        "description": "Date without timezone (%Y-%m-%d)",
        "fallback": {
          "name": "std::string::String"
        }
      },
      {
        "kind": "primitive",
        "id": {
          "kind": "Primitive",
          "path": [
            "chrono::NaiveDateTime"
          ],
          "disambiguator": 0
        },
        "name": "chrono::NaiveDateTime",
        "description": "Date time without timezone (%Y-%m-%dT%H:%M:%S%.f)",
        "fallback": {
          "name": "std::string::String"
        }
      },
      {
        "kind": "primitive",
        "id": {
          "kind": "Primitive",
          "path": [
            "chrono::NaiveTime"
          ],
          "disambiguator": 0
        },
        "name": "chrono::NaiveTime",
        "description": "Time without timezone (%H:%M:%S%.f)",
        "fallback": {
          "name": "std::string::String"
        }
      },
      {
        "kind": "struct",
        "id": {
          "kind": "Struct",
          "path": [
            "reflectapi::Infallible"
          ],
          "disambiguator": 0
        },
        "name": "reflectapi::Infallible",
        "description": "Error object which is expected to be never returned",
        "fields": "none"
      },
      {
        "kind": "struct",
        "id": {
          "kind": "Struct",
          "path": [
            "TestStruct"
          ],
          "disambiguator": 0
        },
        "name": "reflectapi_demo::tests::serde::TestStruct",
        "fields": {
          "named": [
            {
              "id": {
                "kind": "Field",
                "path": [
                  "duration"
                ],
                "disambiguator": 0
              },
              "name": "duration",
              "type": {
                "name": "std::time::Duration"
              },
              "required": true
            },
            {
              "id": {
                "kind": "Field",
                "path": [
                  "naive_time"
                ],
                "disambiguator": 0
              },
              "name": "naive_time",
              "type": {
                "name": "chrono::NaiveTime"
              },
              "required": true
            },
            {
              "id": {
                "kind": "Field",
                "path": [
                  "naive_date"
                ],
                "disambiguator": 0
              },
              "name": "naive_date",
              "type": {
                "name": "chrono::NaiveDate"
              },
              "required": true
            },
            {
              "id": {
                "kind": "Field",
                "path": [
                  "naive_datetime"
                ],
                "disambiguator": 0
              },
              "name": "naive_datetime",
              "type": {
                "name": "chrono::NaiveDateTime"
              },
              "required": true
            },
            {
              "id": {
                "kind": "Field",
                "path": [
                  "date_time_fixed_offset"
                ],
                "disambiguator": 0
              },
              "name": "date_time_fixed_offset",
              "type": {
                "name": "chrono::DateTime",
                "arguments": [
                  {
                    "name": "chrono::FixedOffset"
                  }
                ]
              },
              "required": true
            },
            {
              "id": {
                "kind": "Field",
                "path": [
                  "date_time_utc"
                ],
                "disambiguator": 0
              },
              "name": "date_time_utc",
              "type": {
                "name": "chrono::DateTime",
                "arguments": [
                  {
                    "name": "chrono::Utc"
                  }
                ]
              },
              "required": true
            },
            {
              "id": {
                "kind": "Field",
                "path": [
                  "date_time_local"
                ],
                "disambiguator": 0
              },
              "name": "date_time_local",
              "type": {
                "name": "chrono::DateTime",
                "arguments": [
                  {
                    "name": "chrono::Local"
                  }
                ]
              },
              "required": true
            }
          ]
        }
      },
      {
        "kind": "struct",
        "id": {
          "kind": "Struct",
          "path": [
            "std::time::Duration"
          ],
          "disambiguator": 0
        },
        "name": "std::time::Duration",
        "description": "Time duration type",
        "fields": {
          "named": [
            {
              "id": {
                "kind": "Field",
                "path": [
                  "secs"
                ],
                "disambiguator": 0
              },
              "name": "secs",
              "type": {
                "name": "u64"
              },
              "required": true
            },
            {
              "id": {
                "kind": "Field",
                "path": [
                  "nanos"
                ],
                "disambiguator": 0
              },
              "name": "nanos",
              "type": {
                "name": "u32"
              },
              "required": true
            }
          ]
        }
      },
      {
        "kind": "primitive",
        "id": {
          "kind": "Primitive",
          "path": [
            "u32"
          ],
          "disambiguator": 0
        },
        "name": "u32",
        "description": "32-bit unsigned integer"
      },
      {
        "kind": "primitive",
        "id": {
          "kind": "Primitive",
          "path": [
            "u64"
          ],
          "disambiguator": 0
        },
        "name": "u64",
        "description": "64-bit unsigned integer"
      }
    ]
  }
}
