---
source: reflectapi-demo/src/tests/basic.rs
expression: "super::into_output_schema::<TestStructOneBasicFieldStaticStr>().output_types"
---
{
  "types": [
    {
      "kind": "struct",
      "id": {
        "kind": "Struct",
        "path": [
          "reflectapi::Infallible"
        ],
        "disambiguator": 0
      },
      "name": "reflectapi::Infallible",
      "description": "Error object which is expected to be never returned",
      "fields": "none"
    },
    {
      "kind": "struct",
      "id": {
        "kind": "Struct",
        "path": [
          "TestStructOneBasicFieldStaticStr"
        ],
        "disambiguator": 0
      },
      "name": "reflectapi_demo::tests::basic::TestStructOneBasicFieldStaticStr",
      "fields": {
        "named": [
          {
            "id": {
              "kind": "Field",
              "path": [
                "_f"
              ],
              "disambiguator": 0
            },
            "name": "_f",
            "type": {
              "name": "std::string::String"
            },
            "required": true
          }
        ]
      }
    },
    {
      "kind": "primitive",
      "id": {
        "kind": "Primitive",
        "path": [
          "std::string::String"
        ],
        "disambiguator": 0
      },
      "name": "std::string::String",
      "description": "UTF-8 encoded string"
    }
  ]
}
