---
source: reflectapi-demo/src/tests/serde.rs
expression: "reflectapi::codegen::openapi::Spec::from(&schema)"
snapshot_kind: text
---
{
  "openapi": "3.1.0",
  "info": {
    "title": "",
    "description": "",
    "version": "1.0.0"
  },
  "paths": {
    "/inout_test": {
      "description": "",
      "post": {
        "operationId": "inout_test",
        "requestBody": {
          "content": {
            "application/json": {
              "schema": {
                "$ref": "#/components/schemas/reflectapi_demo.tests.serde.input.TestEnumWithVariantOther"
              }
            }
          },
          "required": true
        },
        "responses": {
          "200": {
            "description": "200 OK",
            "content": {
              "application/json": {
                "schema": {
                  "$ref": "#/components/schemas/reflectapi_demo.tests.serde.output.TestEnumWithVariantOther"
                }
              }
            }
          }
        }
      }
    }
  },
  "components": {
    "schemas": {
      "reflectapi_demo.tests.serde.input.TestEnumWithVariantOther": {
        "oneOf": [
          {
            "type": "object",
            "title": "V0",
            "required": [
              "type"
            ],
            "properties": {
              "type": {
                "description": "tag",
                "type": "string"
              }
            }
          }
        ]
      },
      "reflectapi_demo.tests.serde.output.TestEnumWithVariantOther": {
        "oneOf": [
          {
            "type": "object",
            "title": "V0",
            "required": [
              "type"
            ],
            "properties": {
              "type": {
                "description": "tag",
                "type": "string"
              }
            }
          },
          {
            "type": "object",
            "title": "Variant1",
            "required": [
              "type"
            ],
            "properties": {
              "type": {
                "description": "tag",
                "type": "string"
              }
            }
          }
        ]
      },
      "std.string.String": {
        "description": "UTF-8 encoded string",
        "type": "string"
      }
    }
  }
}
