---
source: reflectapi-demo/src/tests/generics.rs
expression: "super::into_input_schema::<TestStructWithCircularReferenceGenericWithoutBoxParent<TestStructWithCircularReferenceGenericWithoutBoxParent<u8,\n            u16>,\n            TestStructWithCircularReferenceGenericWithoutBoxParent<String,\n            u32>>>().input_types"
---
{
  "types": [
    {
      "kind": "struct",
      "name": "reflectapi::Empty",
      "description": "Struct object with no fields",
      "fields": "none"
    },
    {
      "kind": "struct",
      "name": "reflectapi_demo::tests::generics::TestStructWithCircularReferenceGenericWithoutBox",
      "parameters": [
        {
          "name": "A"
        },
        {
          "name": "B"
        }
      ],
      "fields": {
        "named": [
          {
            "name": "_f1",
            "type": {
              "name": "A"
            },
            "required": true
          },
          {
            "name": "_f2",
            "type": {
              "name": "B"
            },
            "required": true
          }
        ]
      }
    },
    {
      "kind": "struct",
      "name": "reflectapi_demo::tests::generics::TestStructWithCircularReferenceGenericWithoutBoxParent",
      "parameters": [
        {
          "name": "C"
        },
        {
          "name": "D"
        }
      ],
      "fields": {
        "named": [
          {
            "name": "_f",
            "type": {
              "name": "reflectapi_demo::tests::generics::TestStructWithCircularReferenceGenericWithoutBox",
              "arguments": [
                {
                  "name": "D"
                },
                {
                  "name": "C"
                }
              ]
            },
            "required": true
          }
        ]
      }
    },
    {
      "kind": "primitive",
      "name": "std::string::String",
      "description": "UTF-8 encoded string"
    },
    {
      "kind": "primitive",
      "name": "u16",
      "description": "16-bit unsigned integer"
    },
    {
      "kind": "primitive",
      "name": "u32",
      "description": "32-bit unsigned integer"
    },
    {
      "kind": "primitive",
      "name": "u8",
      "description": "8-bit unsigned integer"
    }
  ]
}
