---
source: reflectapi-demo/src/tests/serde.rs
expression: schema
snapshot_kind: text
---
{
  "name": "",
  "functions": [
    {
      "name": "inout_test",
      "path": "",
      "input_type": {
        "name": "std::vec::Vec",
        "arguments": [
          {
            "name": "u8"
          }
        ]
      },
      "output_type": {
        "name": "std::vec::Vec",
        "arguments": [
          {
            "name": "u8"
          }
        ]
      },
      "serialization": [
        "json",
        "msgpack"
      ]
    }
  ],
  "input_types": {
    "types": [
      {
        "kind": "struct",
        "name": "reflectapi::Empty",
        "description": "Struct object with no fields",
        "fields": "none"
      },
      {
        "kind": "primitive",
        "name": "std::vec::Vec",
        "description": "Expandable array type",
        "parameters": [
          {
            "name": "T"
          }
        ]
      },
      {
        "kind": "primitive",
        "name": "u8",
        "description": "8-bit unsigned integer"
      }
    ]
  },
  "output_types": {
    "types": [
      {
        "kind": "struct",
        "name": "reflectapi::Infallible",
        "description": "Error object which is expected to be never returned",
        "fields": "none"
      },
      {
        "kind": "primitive",
        "name": "std::vec::Vec",
        "description": "Expandable array type",
        "parameters": [
          {
            "name": "T"
          }
        ]
      },
      {
        "kind": "primitive",
        "name": "u8",
        "description": "8-bit unsigned integer"
      }
    ]
  }
}
