---
source: reflectapi-demo/src/tests/basic.rs
expression: "super::into_schema::<TestStructOneBasicFieldStringReflectBothDifferently>()"
---
{
  "name": "",
  "functions": [
    {
      "name": "inout_test",
      "path": "",
      "input_type": {
        "name": "reflectapi_demo::tests::basic::TestStructOneBasicFieldStringReflectBothDifferently"
      },
      "output_type": {
        "name": "reflectapi_demo::tests::basic::TestStructOneBasicFieldStringReflectBothDifferently"
      },
      "serialization": [
        "json"
      ]
    }
  ],
  "input_types": {
    "types": [
      {
        "kind": "primitive",
        "name": "i32",
        "description": "32-bit signed integer"
      },
      {
        "kind": "struct",
        "name": "reflectapi::Empty",
        "description": "Struct object with no fields"
      },
      {
        "kind": "struct",
        "name": "reflectapi_demo::tests::basic::TestStructOneBasicFieldStringReflectBothDifferently",
        "fields": [
          {
            "name": "_f",
            "type": {
              "name": "i32"
            },
            "required": true
          }
        ]
      }
    ]
  },
  "output_types": {
    "types": [
      {
        "kind": "struct",
        "name": "reflectapi::Infallible",
        "description": "Error object which is expected to be never returned"
      },
      {
        "kind": "struct",
        "name": "reflectapi_demo::tests::basic::TestStructOneBasicFieldStringReflectBothDifferently",
        "fields": [
          {
            "name": "_f",
            "type": {
              "name": "u32"
            },
            "required": true
          }
        ]
      },
      {
        "kind": "primitive",
        "name": "u32",
        "description": "32-bit unsigned integer"
      }
    ]
  }
}
