---
source: reflectapi-demo/src/tests/basic.rs
expression: "super::into_schema::<TestStructWithFixedSizeArray>()"
---
{
  "name": "",
  "functions": [
    {
      "name": "inout_test",
      "path": "",
      "input_type": {
        "name": "reflectapi_demo::tests::basic::TestStructWithFixedSizeArray"
      },
      "output_type": {
        "name": "reflectapi_demo::tests::basic::TestStructWithFixedSizeArray"
      },
      "serialization": [
        "json"
      ]
    }
  ],
  "input_types": {
    "types": [
      {
        "kind": "struct",
        "name": "reflectapi::Empty",
        "description": "Struct object with no fields"
      },
      {
        "kind": "struct",
        "name": "reflectapi_demo::tests::basic::TestStructWithFixedSizeArray",
        "fields": [
          {
            "name": "_f",
            "type": {
              "name": "std::array::Array",
              "arguments": [
                {
                  "name": "u8"
                },
                {
                  "name": "3"
                }
              ]
            },
            "required": true
          }
        ]
      },
      {
        "kind": "primitive",
        "name": "std::array::Array",
        "description": "Fixed-size Array",
        "parameters": [
          {
            "name": "T"
          },
          {
            "name": "N"
          }
        ],
        "fallback": {
          "name": "std::vec::Vec",
          "arguments": [
            {
              "name": "T"
            }
          ]
        }
      },
      {
        "kind": "primitive",
        "name": "std::vec::Vec",
        "description": "Expandable array type",
        "parameters": [
          {
            "name": "T"
          }
        ]
      },
      {
        "kind": "primitive",
        "name": "u8",
        "description": "8-bit unsigned integer"
      }
    ]
  },
  "output_types": {
    "types": [
      {
        "kind": "struct",
        "name": "reflectapi::Infallible",
        "description": "Error object which is expected to be never returned"
      },
      {
        "kind": "struct",
        "name": "reflectapi_demo::tests::basic::TestStructWithFixedSizeArray",
        "fields": [
          {
            "name": "_f",
            "type": {
              "name": "std::array::Array",
              "arguments": [
                {
                  "name": "u8"
                },
                {
                  "name": "3"
                }
              ]
            },
            "required": true
          }
        ]
      },
      {
        "kind": "primitive",
        "name": "std::array::Array",
        "description": "Fixed-size Array",
        "parameters": [
          {
            "name": "T"
          },
          {
            "name": "N"
          }
        ],
        "fallback": {
          "name": "std::vec::Vec",
          "arguments": [
            {
              "name": "T"
            }
          ]
        }
      },
      {
        "kind": "primitive",
        "name": "std::vec::Vec",
        "description": "Expandable array type",
        "parameters": [
          {
            "name": "T"
          }
        ]
      },
      {
        "kind": "primitive",
        "name": "u8",
        "description": "8-bit unsigned integer"
      }
    ]
  }
}
