---
source: reflectapi-demo/src/tests/serde.rs
expression: schema
---
{
  "id": {
    "kind": "Struct",
    "path": [
      "Schema"
    ],
    "disambiguator": 0
  },
  "name": "",
  "functions": [
    {
      "id": {
        "kind": "Endpoint",
        "path": [
          "inout_test"
        ],
        "disambiguator": 0
      },
      "name": "inout_test",
      "path": "",
      "input_type": {
        "name": "reflectapi_demo::tests::serde::Enum"
      },
      "output_type": {
        "name": "reflectapi_demo::tests::serde::Enum"
      },
      "serialization": [
        "json",
        "msgpack"
      ]
    }
  ],
  "input_types": {
    "types": [
      {
        "kind": "struct",
        "id": {
          "kind": "Struct",
          "path": [
            "reflectapi::Empty"
          ],
          "disambiguator": 0
        },
        "name": "reflectapi::Empty",
        "description": "Struct object with no fields",
        "fields": "none"
      },
      {
        "kind": "enum",
        "id": {
          "kind": "Enum",
          "path": [
            "Enum"
          ],
          "disambiguator": 0
        },
        "name": "reflectapi_demo::tests::serde::Enum",
        "representation": {
          "internal": {
            "tag": "type"
          }
        },
        "variants": [
          {
            "id": {
              "kind": "Variant",
              "path": [
                "a"
              ],
              "disambiguator": 0
            },
            "name": "a",
            "fields": {
              "unnamed": [
                {
                  "id": {
                    "kind": "Field",
                    "path": [
                      "0"
                    ],
                    "disambiguator": 0
                  },
                  "name": "0",
                  "type": {
                    "name": "reflectapi_demo::tests::serde::Strukt1"
                  },
                  "required": true
                }
              ]
            }
          },
          {
            "id": {
              "kind": "Variant",
              "path": [
                "b"
              ],
              "disambiguator": 0
            },
            "name": "b",
            "fields": {
              "unnamed": [
                {
                  "id": {
                    "kind": "Field",
                    "path": [
                      "0"
                    ],
                    "disambiguator": 0
                  },
                  "name": "0",
                  "type": {
                    "name": "reflectapi_demo::tests::serde::Strukt2"
                  },
                  "required": true
                }
              ]
            }
          }
        ]
      },
      {
        "kind": "struct",
        "id": {
          "kind": "Struct",
          "path": [
            "Strukt1"
          ],
          "disambiguator": 0
        },
        "name": "reflectapi_demo::tests::serde::Strukt1",
        "fields": {
          "named": [
            {
              "id": {
                "kind": "Field",
                "path": [
                  "a"
                ],
                "disambiguator": 0
              },
              "name": "a",
              "type": {
                "name": "u8"
              },
              "required": true
            },
            {
              "id": {
                "kind": "Field",
                "path": [
                  "b"
                ],
                "disambiguator": 0
              },
              "name": "b",
              "type": {
                "name": "u16"
              },
              "required": true
            }
          ]
        }
      },
      {
        "kind": "struct",
        "id": {
          "kind": "Struct",
          "path": [
            "Strukt2"
          ],
          "disambiguator": 0
        },
        "name": "reflectapi_demo::tests::serde::Strukt2",
        "fields": {
          "named": [
            {
              "id": {
                "kind": "Field",
                "path": [
                  "c"
                ],
                "disambiguator": 0
              },
              "name": "c",
              "type": {
                "name": "u32"
              },
              "required": true
            },
            {
              "id": {
                "kind": "Field",
                "path": [
                  "d"
                ],
                "disambiguator": 0
              },
              "name": "d",
              "type": {
                "name": "u64"
              },
              "required": true
            }
          ]
        }
      },
      {
        "kind": "primitive",
        "id": {
          "kind": "Primitive",
          "path": [
            "u16"
          ],
          "disambiguator": 0
        },
        "name": "u16",
        "description": "16-bit unsigned integer"
      },
      {
        "kind": "primitive",
        "id": {
          "kind": "Primitive",
          "path": [
            "u32"
          ],
          "disambiguator": 0
        },
        "name": "u32",
        "description": "32-bit unsigned integer"
      },
      {
        "kind": "primitive",
        "id": {
          "kind": "Primitive",
          "path": [
            "u64"
          ],
          "disambiguator": 0
        },
        "name": "u64",
        "description": "64-bit unsigned integer"
      },
      {
        "kind": "primitive",
        "id": {
          "kind": "Primitive",
          "path": [
            "u8"
          ],
          "disambiguator": 0
        },
        "name": "u8",
        "description": "8-bit unsigned integer"
      }
    ]
  },
  "output_types": {
    "types": [
      {
        "kind": "struct",
        "id": {
          "kind": "Struct",
          "path": [
            "reflectapi::Infallible"
          ],
          "disambiguator": 0
        },
        "name": "reflectapi::Infallible",
        "description": "Error object which is expected to be never returned",
        "fields": "none"
      },
      {
        "kind": "enum",
        "id": {
          "kind": "Enum",
          "path": [
            "Enum"
          ],
          "disambiguator": 0
        },
        "name": "reflectapi_demo::tests::serde::Enum",
        "representation": {
          "internal": {
            "tag": "type"
          }
        },
        "variants": [
          {
            "id": {
              "kind": "Variant",
              "path": [
                "a"
              ],
              "disambiguator": 0
            },
            "name": "a",
            "fields": {
              "unnamed": [
                {
                  "id": {
                    "kind": "Field",
                    "path": [
                      "0"
                    ],
                    "disambiguator": 0
                  },
                  "name": "0",
                  "type": {
                    "name": "reflectapi_demo::tests::serde::Strukt1"
                  },
                  "required": true
                }
              ]
            }
          },
          {
            "id": {
              "kind": "Variant",
              "path": [
                "b"
              ],
              "disambiguator": 0
            },
            "name": "b",
            "fields": {
              "unnamed": [
                {
                  "id": {
                    "kind": "Field",
                    "path": [
                      "0"
                    ],
                    "disambiguator": 0
                  },
                  "name": "0",
                  "type": {
                    "name": "reflectapi_demo::tests::serde::Strukt2"
                  },
                  "required": true
                }
              ]
            }
          }
        ]
      },
      {
        "kind": "struct",
        "id": {
          "kind": "Struct",
          "path": [
            "Strukt1"
          ],
          "disambiguator": 0
        },
        "name": "reflectapi_demo::tests::serde::Strukt1",
        "fields": {
          "named": [
            {
              "id": {
                "kind": "Field",
                "path": [
                  "a"
                ],
                "disambiguator": 0
              },
              "name": "a",
              "type": {
                "name": "u8"
              },
              "required": true
            },
            {
              "id": {
                "kind": "Field",
                "path": [
                  "b"
                ],
                "disambiguator": 0
              },
              "name": "b",
              "type": {
                "name": "u16"
              },
              "required": true
            }
          ]
        }
      },
      {
        "kind": "struct",
        "id": {
          "kind": "Struct",
          "path": [
            "Strukt2"
          ],
          "disambiguator": 0
        },
        "name": "reflectapi_demo::tests::serde::Strukt2",
        "fields": {
          "named": [
            {
              "id": {
                "kind": "Field",
                "path": [
                  "c"
                ],
                "disambiguator": 0
              },
              "name": "c",
              "type": {
                "name": "u32"
              },
              "required": true
            },
            {
              "id": {
                "kind": "Field",
                "path": [
                  "d"
                ],
                "disambiguator": 0
              },
              "name": "d",
              "type": {
                "name": "u64"
              },
              "required": true
            }
          ]
        }
      },
      {
        "kind": "primitive",
        "id": {
          "kind": "Primitive",
          "path": [
            "u16"
          ],
          "disambiguator": 0
        },
        "name": "u16",
        "description": "16-bit unsigned integer"
      },
      {
        "kind": "primitive",
        "id": {
          "kind": "Primitive",
          "path": [
            "u32"
          ],
          "disambiguator": 0
        },
        "name": "u32",
        "description": "32-bit unsigned integer"
      },
      {
        "kind": "primitive",
        "id": {
          "kind": "Primitive",
          "path": [
            "u64"
          ],
          "disambiguator": 0
        },
        "name": "u64",
        "description": "64-bit unsigned integer"
      },
      {
        "kind": "primitive",
        "id": {
          "kind": "Primitive",
          "path": [
            "u8"
          ],
          "disambiguator": 0
        },
        "name": "u8",
        "description": "8-bit unsigned integer"
      }
    ]
  }
}
