---
source: reflectapi-demo/src/tests/namespace.rs
expression: schema
---
{
  "id": {
    "kind": "Struct",
    "path": [
      "Schema"
    ],
    "disambiguator": 0
  },
  "name": "foo",
  "functions": [
    {
      "id": {
        "kind": "Endpoint",
        "path": [
          "x.foo.get"
        ],
        "disambiguator": 0
      },
      "name": "x.foo.get",
      "path": "",
      "serialization": [
        "json",
        "msgpack"
      ]
    },
    {
      "id": {
        "kind": "Endpoint",
        "path": [
          "y.foo.get"
        ],
        "disambiguator": 0
      },
      "name": "y.foo.get",
      "path": "",
      "output_type": {
        "name": "std::tuple::Tuple0"
      },
      "serialization": [
        "json",
        "msgpack"
      ]
    }
  ],
  "input_types": {
    "types": [
      {
        "kind": "struct",
        "id": {
          "kind": "Struct",
          "path": [
            "reflectapi::Empty"
          ],
          "disambiguator": 0
        },
        "name": "reflectapi::Empty",
        "description": "Struct object with no fields",
        "fields": "none"
      }
    ]
  },
  "output_types": {
    "types": [
      {
        "kind": "struct",
        "id": {
          "kind": "Struct",
          "path": [
            "reflectapi::Empty"
          ],
          "disambiguator": 0
        },
        "name": "reflectapi::Empty",
        "description": "Struct object with no fields",
        "fields": "none"
      },
      {
        "kind": "struct",
        "id": {
          "kind": "Struct",
          "path": [
            "reflectapi::Infallible"
          ],
          "disambiguator": 0
        },
        "name": "reflectapi::Infallible",
        "description": "Error object which is expected to be never returned",
        "fields": "none"
      },
      {
        "kind": "primitive",
        "id": {
          "kind": "Primitive",
          "path": [
            "std::tuple::Tuple0"
          ],
          "disambiguator": 0
        },
        "name": "std::tuple::Tuple0",
        "description": "Unit type"
      }
    ]
  }
}
