---
source: reflectapi-demo/src/tests/generics.rs
expression: "super::into_input_typescript_code::<TestStructWithCircularReferenceGenericWithoutBoxParentSpecific>()"
---
export namespace __definition {
  export interface Interface {
    input_test: (
      input: reflectapi_demo.tests.generics.TestStructWithCircularReferenceGenericWithoutBoxParentSpecific,
      headers: {},
    ) => AsyncResult<{}, {}>;
  }
}
export namespace reflectapi {
  /// Struct object with no fields
  export interface Empty {}

  /// Error object which is expected to be never returned
  export interface Infallible {}
}

export namespace reflectapi_demo {
  export namespace tests {
    export namespace generics {
      export interface TestStructWithCircularReferenceGenericWithoutBox<A, B> {
        _f1: A;
        _f2: B;
      }

      export interface TestStructWithCircularReferenceGenericWithoutBoxParentSpecific {
        _f: reflectapi_demo.tests.generics.TestStructWithCircularReferenceGenericWithoutBox<
          reflectapi_demo.tests.generics.TestStructWithCircularReferenceGenericWithoutBox<
            number /* u8 */,
            number /* u16 */
          >,
          reflectapi_demo.tests.generics.TestStructWithCircularReferenceGenericWithoutBox<
            string,
            number /* u32 */
          >
        >;
      }
    }
  }
}

namespace __implementation {

  function input_test(client: Client) {
    return (
      input: reflectapi_demo.tests.generics.TestStructWithCircularReferenceGenericWithoutBoxParentSpecific,
      headers: {},
    ) =>
      __request<
        reflectapi_demo.tests.generics.TestStructWithCircularReferenceGenericWithoutBoxParentSpecific,
        {},
        {},
        {}
      >(client, "/input_test", input, headers);
  }
}
