---
source: reflectapi-demo/src/tests/serde.rs
expression: "reflectapi::codegen::openapi::Spec::from(&schema)"
---
{
  "openapi": "3.1.0",
  "info": {
    "title": "",
    "description": "",
    "version": "1.0.0"
  },
  "paths": {
    "/inout_test": {
      "description": "",
      "post": {
        "operationId": "inout_test",
        "requestBody": {
          "content": {
            "application/json": {
              "schema": {
                "$ref": "#/components/schemas/TestEnumTag"
              }
            }
          },
          "required": true
        },
        "responses": {
          "200": {
            "description": "200 OK",
            "content": {
              "application/json": {
                "schema": {
                  "$ref": "#/components/schemas/TestEnumTag"
                }
              }
            }
          }
        }
      }
    }
  },
  "components": {
    "schemas": {
      "String": {
        "description": "UTF-8 encoded string",
        "type": "string"
      },
      "TestEnumTag": {
        "oneOf": [
          {
            "type": "object",
            "title": "Variant1",
            "required": [
              "field_name",
              "type"
            ],
            "properties": {
              "field_name": {
                "$ref": "#/components/schemas/u8"
              },
              "type": {
                "$ref": "#/components/schemas/String"
              }
            }
          },
          {
            "$ref": "#/components/schemas/u8"
          }
        ],
        "discriminator": {
          "propertyName": "type"
        }
      },
      "u8": {
        "description": "8-bit unsigned integer",
        "type": "integer"
      }
    }
  }
}
