---
source: reflectapi-demo/src/tests/serde.rs
expression: "super::into_schema::<TestEnumWithVariantSkip>()"
---
{
  "name": "",
  "functions": [
    {
      "name": "",
      "path": "",
      "input_type": {
        "name": "reflectapi_demo::tests::serde::TestEnumWithVariantSkip"
      },
      "output_type": {
        "name": "reflectapi_demo::tests::serde::TestEnumWithVariantSkip"
      },
      "serialization": [
        "json"
      ]
    }
  ],
  "input_types": {
    "types": [
      {
        "kind": "struct",
        "name": "reflectapi::Empty",
        "description": "Struct object with no fields"
      },
      {
        "kind": "enum",
        "name": "reflectapi_demo::tests::serde::TestEnumWithVariantSkip"
      }
    ]
  },
  "output_types": {
    "types": [
      {
        "kind": "struct",
        "name": "reflectapi::Infallible",
        "description": "Error object which is expected to be never returned"
      },
      {
        "kind": "enum",
        "name": "reflectapi_demo::tests::serde::TestEnumWithVariantSkip"
      }
    ]
  }
}
