---
source: reflectapi-demo/src/tests/basic.rs
expression: schema
---
{
  "id": {
    "kind": "Struct",
    "path": [
      "Schema"
    ],
    "disambiguator": 0
  },
  "name": "",
  "functions": [
    {
      "id": {
        "kind": "Endpoint",
        "path": [
          "inout_test"
        ],
        "disambiguator": 0
      },
      "name": "inout_test",
      "path": "",
      "input_type": {
        "name": "reflectapi_demo::tests::basic::TestStructOption"
      },
      "output_type": {
        "name": "reflectapi_demo::tests::basic::TestStructOption"
      },
      "serialization": [
        "json",
        "msgpack"
      ]
    }
  ],
  "input_types": {
    "types": [
      {
        "kind": "struct",
        "id": {
          "kind": "Struct",
          "path": [
            "reflectapi::Empty"
          ],
          "disambiguator": 0
        },
        "name": "reflectapi::Empty",
        "description": "Struct object with no fields",
        "fields": "none"
      },
      {
        "kind": "struct",
        "id": {
          "kind": "Struct",
          "path": [
            "TestStructOption"
          ],
          "disambiguator": 0
        },
        "name": "reflectapi_demo::tests::basic::TestStructOption",
        "fields": {
          "named": [
            {
              "id": {
                "kind": "Field",
                "path": [
                  "_f"
                ],
                "disambiguator": 0
              },
              "name": "_f",
              "type": {
                "name": "std::option::Option",
                "arguments": [
                  {
                    "name": "u8"
                  }
                ]
              },
              "required": true
            }
          ]
        }
      },
      {
        "kind": "enum",
        "id": {
          "kind": "Enum",
          "path": [
            "std::option::Option"
          ],
          "disambiguator": 0
        },
        "name": "std::option::Option",
        "description": "Optional nullable type",
        "parameters": [
          {
            "name": "T"
          }
        ],
        "representation": "none",
        "variants": [
          {
            "id": {
              "kind": "Variant",
              "path": [
                "None"
              ],
              "disambiguator": 0
            },
            "name": "None",
            "description": "The value is not provided, i.e. null",
            "fields": "none"
          },
          {
            "id": {
              "kind": "Variant",
              "path": [
                "Some"
              ],
              "disambiguator": 0
            },
            "name": "Some",
            "description": "The value is provided and set to some value",
            "fields": {
              "unnamed": [
                {
                  "id": {
                    "kind": "Field",
                    "path": [
                      "0"
                    ],
                    "disambiguator": 0
                  },
                  "name": "0",
                  "type": {
                    "name": "T"
                  }
                }
              ]
            }
          }
        ]
      },
      {
        "kind": "primitive",
        "id": {
          "kind": "Primitive",
          "path": [
            "u8"
          ],
          "disambiguator": 0
        },
        "name": "u8",
        "description": "8-bit unsigned integer"
      }
    ]
  },
  "output_types": {
    "types": [
      {
        "kind": "struct",
        "id": {
          "kind": "Struct",
          "path": [
            "reflectapi::Infallible"
          ],
          "disambiguator": 0
        },
        "name": "reflectapi::Infallible",
        "description": "Error object which is expected to be never returned",
        "fields": "none"
      },
      {
        "kind": "struct",
        "id": {
          "kind": "Struct",
          "path": [
            "TestStructOption"
          ],
          "disambiguator": 0
        },
        "name": "reflectapi_demo::tests::basic::TestStructOption",
        "fields": {
          "named": [
            {
              "id": {
                "kind": "Field",
                "path": [
                  "_f"
                ],
                "disambiguator": 0
              },
              "name": "_f",
              "type": {
                "name": "std::option::Option",
                "arguments": [
                  {
                    "name": "u8"
                  }
                ]
              },
              "required": true
            }
          ]
        }
      },
      {
        "kind": "enum",
        "id": {
          "kind": "Enum",
          "path": [
            "std::option::Option"
          ],
          "disambiguator": 0
        },
        "name": "std::option::Option",
        "description": "Optional nullable type",
        "parameters": [
          {
            "name": "T"
          }
        ],
        "representation": "none",
        "variants": [
          {
            "id": {
              "kind": "Variant",
              "path": [
                "None"
              ],
              "disambiguator": 0
            },
            "name": "None",
            "description": "The value is not provided, i.e. null",
            "fields": "none"
          },
          {
            "id": {
              "kind": "Variant",
              "path": [
                "Some"
              ],
              "disambiguator": 0
            },
            "name": "Some",
            "description": "The value is provided and set to some value",
            "fields": {
              "unnamed": [
                {
                  "id": {
                    "kind": "Field",
                    "path": [
                      "0"
                    ],
                    "disambiguator": 0
                  },
                  "name": "0",
                  "type": {
                    "name": "T"
                  }
                }
              ]
            }
          }
        ]
      },
      {
        "kind": "primitive",
        "id": {
          "kind": "Primitive",
          "path": [
            "u8"
          ],
          "disambiguator": 0
        },
        "name": "u8",
        "description": "8-bit unsigned integer"
      }
    ]
  }
}
