---
source: reflectapi-demo/src/tests/enums.rs
expression: "super::into_input_schema::<TestEnum>().input_types"
---
{
  "types": [
    {
      "kind": "struct",
      "id": {
        "kind": "Struct",
        "path": [
          "reflectapi::Empty"
        ],
        "disambiguator": 0
      },
      "name": "reflectapi::Empty",
      "description": "Struct object with no fields",
      "fields": "none"
    },
    {
      "kind": "enum",
      "id": {
        "kind": "Enum",
        "path": [
          "TestEnum"
        ],
        "disambiguator": 0
      },
      "name": "reflectapi_demo::tests::enums::TestEnum",
      "variants": [
        {
          "id": {
            "kind": "Variant",
            "path": [
              "Variant1"
            ],
            "disambiguator": 0
          },
          "name": "Variant1",
          "fields": "none"
        },
        {
          "id": {
            "kind": "Variant",
            "path": [
              "Variant2"
            ],
            "disambiguator": 0
          },
          "name": "Variant2",
          "fields": "none"
        }
      ]
    }
  ]
}
