---
source: reflectapi-demo/src/tests/serde.rs
expression: "super::into_typescript_code::<TestEnumRename>()"
---
export namespace __definition {
  export interface Interface {
    inout_test: (
      input: reflectapi_demo.tests.serde.MyEnum,
      headers: {},
    ) => AsyncResult<reflectapi_demo.tests.serde.MyEnum, {}>;
  }
}
export namespace reflectapi {
  /// Struct object with no fields
  export interface Empty {}

  /// Error object which is expected to be never returned
  export interface Infallible {}
}

export namespace reflectapi_demo {
  export namespace tests {
    export namespace serde {
      export type MyEnum = "V1" | "V2";
    }
  }
}

namespace __implementation {

  function inout_test(client: Client) {
    return (input: reflectapi_demo.tests.serde.MyEnum, headers: {}) =>
      __request<
        reflectapi_demo.tests.serde.MyEnum,
        {},
        reflectapi_demo.tests.serde.MyEnum,
        {}
      >(client, "/inout_test", input, headers);
  }
}
