---
source: reflectapi-demo/src/tests/basic.rs
expression: schema
---
{
  "name": "",
  "functions": [
    {
      "name": "inout_test",
      "path": "",
      "input_type": {
        "name": "reflectapi_demo::tests::basic::TestStructUnitType"
      },
      "output_type": {
        "name": "reflectapi_demo::tests::basic::TestStructUnitType"
      },
      "serialization": [
        "json"
      ]
    }
  ],
  "input_types": {
    "types": [
      {
        "kind": "struct",
        "name": "reflectapi::Empty",
        "description": "Struct object with no fields"
      },
      {
        "kind": "struct",
        "name": "reflectapi_demo::tests::basic::TestStructUnitType",
        "fields": [
          {
            "name": "0",
            "type": {
              "name": "unit"
            }
          }
        ]
      },
      {
        "kind": "primitive",
        "name": "unit",
        "description": "Unit type"
      }
    ]
  },
  "output_types": {
    "types": [
      {
        "kind": "struct",
        "name": "reflectapi::Infallible",
        "description": "Error object which is expected to be never returned"
      },
      {
        "kind": "struct",
        "name": "reflectapi_demo::tests::basic::TestStructUnitType",
        "fields": [
          {
            "name": "0",
            "type": {
              "name": "unit"
            }
          }
        ]
      },
      {
        "kind": "primitive",
        "name": "unit",
        "description": "Unit type"
      }
    ]
  }
}
