---
source: reflectapi-demo/src/tests/namespace.rs
expression: schema
---
{
  "id": {
    "kind": "Struct",
    "path": [
      "Schema"
    ],
    "disambiguator": 0
  },
  "name": "",
  "functions": [
    {
      "id": {
        "kind": "Endpoint",
        "path": [
          "get"
        ],
        "disambiguator": 0
      },
      "name": "get",
      "path": "",
      "input_type": {
        "name": "reflectapi_demo::tests::namespace::K",
        "arguments": [
          {
            "name": "T",
            "arguments": [
              {
                "name": "std::tuple::Tuple0"
              }
            ]
          }
        ]
      },
      "output_type": {
        "name": "reflectapi_demo::tests::namespace::K",
        "arguments": [
          {
            "name": "T",
            "arguments": [
              {
                "name": "std::tuple::Tuple0"
              }
            ]
          }
        ]
      },
      "serialization": [
        "json",
        "msgpack"
      ]
    }
  ],
  "input_types": {
    "types": [
      {
        "kind": "struct",
        "id": {
          "kind": "Struct",
          "path": [
            "T"
          ],
          "disambiguator": 0
        },
        "name": "T",
        "parameters": [
          {
            "name": "I"
          }
        ],
        "fields": {
          "unnamed": [
            {
              "id": {
                "kind": "Field",
                "path": [
                  "0"
                ],
                "disambiguator": 0
              },
              "name": "0",
              "type": {
                "name": "I"
              },
              "required": true
            }
          ]
        }
      },
      {
        "kind": "struct",
        "id": {
          "kind": "Struct",
          "path": [
            "reflectapi::Empty"
          ],
          "disambiguator": 0
        },
        "name": "reflectapi::Empty",
        "description": "Struct object with no fields",
        "fields": "none"
      },
      {
        "kind": "struct",
        "id": {
          "kind": "Struct",
          "path": [
            "K"
          ],
          "disambiguator": 0
        },
        "name": "reflectapi_demo::tests::namespace::K",
        "parameters": [
          {
            "name": "T"
          }
        ],
        "fields": {
          "named": [
            {
              "id": {
                "kind": "Field",
                "path": [
                  "t"
                ],
                "disambiguator": 0
              },
              "name": "t",
              "type": {
                "name": "T"
              },
              "required": true
            }
          ]
        }
      },
      {
        "kind": "primitive",
        "id": {
          "kind": "Primitive",
          "path": [
            "std::tuple::Tuple0"
          ],
          "disambiguator": 0
        },
        "name": "std::tuple::Tuple0",
        "description": "Unit type"
      }
    ]
  },
  "output_types": {
    "types": [
      {
        "kind": "struct",
        "id": {
          "kind": "Struct",
          "path": [
            "T"
          ],
          "disambiguator": 0
        },
        "name": "T",
        "parameters": [
          {
            "name": "I"
          }
        ],
        "fields": {
          "unnamed": [
            {
              "id": {
                "kind": "Field",
                "path": [
                  "0"
                ],
                "disambiguator": 0
              },
              "name": "0",
              "type": {
                "name": "I"
              },
              "required": true
            }
          ]
        }
      },
      {
        "kind": "struct",
        "id": {
          "kind": "Struct",
          "path": [
            "reflectapi::Infallible"
          ],
          "disambiguator": 0
        },
        "name": "reflectapi::Infallible",
        "description": "Error object which is expected to be never returned",
        "fields": "none"
      },
      {
        "kind": "struct",
        "id": {
          "kind": "Struct",
          "path": [
            "K"
          ],
          "disambiguator": 0
        },
        "name": "reflectapi_demo::tests::namespace::K",
        "parameters": [
          {
            "name": "T"
          }
        ],
        "fields": {
          "named": [
            {
              "id": {
                "kind": "Field",
                "path": [
                  "t"
                ],
                "disambiguator": 0
              },
              "name": "t",
              "type": {
                "name": "T"
              },
              "required": true
            }
          ]
        }
      },
      {
        "kind": "primitive",
        "id": {
          "kind": "Primitive",
          "path": [
            "std::tuple::Tuple0"
          ],
          "disambiguator": 0
        },
        "name": "std::tuple::Tuple0",
        "description": "Unit type"
      }
    ]
  }
}
