---
source: reflectapi-demo/src/tests/enums.rs
expression: "reflectapi::codegen::openapi::Spec::from(&schema)"
---
{
  "openapi": "3.1.0",
  "info": {
    "title": "",
    "description": "",
    "version": "1.0.0"
  },
  "paths": {
    "/inout_test": {
      "description": "",
      "post": {
        "operationId": "inout_test",
        "requestBody": {
          "content": {
            "application/json": {
              "schema": {
                "$ref": "#/components/schemas/reflectapi_demo.tests.enums.E"
              }
            }
          },
          "required": true
        },
        "responses": {
          "200": {
            "description": "200 OK",
            "content": {
              "application/json": {
                "schema": {
                  "$ref": "#/components/schemas/reflectapi_demo.tests.enums.E"
                }
              }
            }
          }
        }
      }
    }
  },
  "components": {
    "schemas": {
      "f64": {
        "description": "64-bit floating point number",
        "type": "number"
      },
      "reflectapi_demo.tests.enums.A": {
        "oneOf": [
          {
            "const": "X"
          },
          {
            "const": "Y"
          },
          {
            "const": "Z"
          }
        ]
      },
      "reflectapi_demo.tests.enums.B": {
        "type": "object",
        "title": "reflectapi_demo.tests.enums.B",
        "required": [
          "p",
          "q"
        ],
        "properties": {
          "p": {
            "$ref": "#/components/schemas/std.string.String"
          },
          "q": {
            "$ref": "#/components/schemas/f64"
          }
        }
      },
      "reflectapi_demo.tests.enums.E": {
        "oneOf": [
          {
            "type": "object",
            "title": "reflectapi_demo.tests.enums.B",
            "required": [
              "p",
              "q",
              "tag"
            ],
            "properties": {
              "p": {
                "$ref": "#/components/schemas/std.string.String"
              },
              "q": {
                "$ref": "#/components/schemas/f64"
              },
              "tag": {
                "const": "a"
              }
            }
          },
          {
            "oneOf": [
              {
                "type": "object",
                "required": [
                  "X",
                  "tag"
                ],
                "properties": {
                  "X": {
                    "type": "null"
                  },
                  "tag": {
                    "const": "b"
                  }
                }
              },
              {
                "type": "object",
                "required": [
                  "Y",
                  "tag"
                ],
                "properties": {
                  "Y": {
                    "type": "null"
                  },
                  "tag": {
                    "const": "b"
                  }
                }
              },
              {
                "type": "object",
                "required": [
                  "Z",
                  "tag"
                ],
                "properties": {
                  "Z": {
                    "type": "null"
                  },
                  "tag": {
                    "const": "b"
                  }
                }
              }
            ]
          },
          {
            "type": "object",
            "title": "c",
            "required": [
              "items",
              "tag",
              "value"
            ],
            "properties": {
              "items": {
                "description": "Expandable array type",
                "type": "array",
                "items": {
                  "$ref": "#/components/schemas/std.string.String"
                }
              },
              "tag": {
                "const": "c"
              },
              "value": {
                "$ref": "#/components/schemas/f64"
              }
            }
          },
          {
            "type": "object",
            "required": [
              "tag"
            ],
            "properties": {
              "tag": {
                "const": "d"
              }
            }
          }
        ]
      },
      "std.string.String": {
        "description": "UTF-8 encoded string",
        "type": "string"
      }
    }
  }
}
