---
source: reflectapi-demo/src/tests/basic.rs
expression: "reflectapi :: codegen :: openapi :: Spec :: from(& schema)"
---
{
  "openapi": "3.1.0",
  "info": {
    "title": "keyword_test",
    "description": "",
    "version": "1.0.0"
  },
  "paths": {
    "/crate.super.get": {
      "description": "",
      "post": {
        "operationId": "crate.super.get",
        "responses": {
          "200": {
            "description": "200 OK",
            "content": {
              "application/json": {
                "schema": {
                  "description": "empty object",
                  "type": "object",
                  "properties": {}
                }
              }
            }
          }
        }
      }
    },
    "/delete": {
      "description": "",
      "post": {
        "operationId": "delete",
        "responses": {
          "200": {
            "description": "200 OK",
            "content": {
              "application/json": {
                "schema": {
                  "description": "empty object",
                  "type": "object",
                  "properties": {}
                }
              }
            }
          }
        }
      }
    },
    "/enum": {
      "description": "",
      "post": {
        "operationId": "enum",
        "responses": {
          "200": {
            "description": "200 OK",
            "content": {
              "application/json": {
                "schema": {
                  "description": "empty object",
                  "type": "object",
                  "properties": {}
                }
              }
            }
          }
        }
      }
    },
    "/self.get": {
      "description": "",
      "post": {
        "operationId": "self.get",
        "responses": {
          "200": {
            "description": "200 OK",
            "content": {
              "application/json": {
                "schema": {
                  "description": "empty object",
                  "type": "object",
                  "properties": {}
                }
              }
            }
          }
        }
      }
    },
    "/type.get": {
      "description": "",
      "post": {
        "operationId": "type.get",
        "responses": {
          "200": {
            "description": "200 OK",
            "content": {
              "application/json": {
                "schema": {
                  "description": "empty object",
                  "type": "object",
                  "properties": {}
                }
              }
            }
          }
        }
      }
    },
    "/with.None": {
      "description": "",
      "post": {
        "operationId": "with.None",
        "responses": {
          "200": {
            "description": "200 OK",
            "content": {
              "application/json": {
                "schema": {
                  "description": "empty object",
                  "type": "object",
                  "properties": {}
                }
              }
            }
          }
        }
      }
    },
    "/with.Self": {
      "description": "",
      "post": {
        "operationId": "with.Self",
        "responses": {
          "200": {
            "description": "200 OK",
            "content": {
              "application/json": {
                "schema": {
                  "description": "empty object",
                  "type": "object",
                  "properties": {}
                }
              }
            }
          }
        }
      }
    },
    "/with.async": {
      "description": "",
      "post": {
        "operationId": "with.async",
        "responses": {
          "200": {
            "description": "200 OK",
            "content": {
              "application/json": {
                "schema": {
                  "description": "empty object",
                  "type": "object",
                  "properties": {}
                }
              }
            }
          }
        }
      }
    },
    "/with.class": {
      "description": "",
      "post": {
        "operationId": "with.class",
        "responses": {
          "200": {
            "description": "200 OK",
            "content": {
              "application/json": {
                "schema": {
                  "description": "empty object",
                  "type": "object",
                  "properties": {}
                }
              }
            }
          }
        }
      }
    },
    "/with.crate": {
      "description": "",
      "post": {
        "operationId": "with.crate",
        "responses": {
          "200": {
            "description": "200 OK",
            "content": {
              "application/json": {
                "schema": {
                  "description": "empty object",
                  "type": "object",
                  "properties": {}
                }
              }
            }
          }
        }
      }
    },
    "/with.delete": {
      "description": "",
      "post": {
        "operationId": "with.delete",
        "responses": {
          "200": {
            "description": "200 OK",
            "content": {
              "application/json": {
                "schema": {
                  "description": "empty object",
                  "type": "object",
                  "properties": {}
                }
              }
            }
          }
        }
      }
    },
    "/with.gen": {
      "description": "",
      "post": {
        "operationId": "with.gen",
        "responses": {
          "200": {
            "description": "200 OK",
            "content": {
              "application/json": {
                "schema": {
                  "description": "empty object",
                  "type": "object",
                  "properties": {}
                }
              }
            }
          }
        }
      }
    },
    "/with.override": {
      "description": "",
      "post": {
        "operationId": "with.override",
        "responses": {
          "200": {
            "description": "200 OK",
            "content": {
              "application/json": {
                "schema": {
                  "description": "empty object",
                  "type": "object",
                  "properties": {}
                }
              }
            }
          }
        }
      }
    },
    "/with.self": {
      "description": "",
      "post": {
        "operationId": "with.self",
        "responses": {
          "200": {
            "description": "200 OK",
            "content": {
              "application/json": {
                "schema": {
                  "description": "empty object",
                  "type": "object",
                  "properties": {}
                }
              }
            }
          }
        }
      }
    },
    "/with.super": {
      "description": "",
      "post": {
        "operationId": "with.super",
        "responses": {
          "200": {
            "description": "200 OK",
            "content": {
              "application/json": {
                "schema": {
                  "description": "empty object",
                  "type": "object",
                  "properties": {}
                }
              }
            }
          }
        }
      }
    },
    "/with.type": {
      "description": "",
      "post": {
        "operationId": "with.type",
        "responses": {
          "200": {
            "description": "200 OK",
            "content": {
              "application/json": {
                "schema": {
                  "description": "empty object",
                  "type": "object",
                  "properties": {}
                }
              }
            }
          }
        }
      }
    }
  },
  "components": {
    "schemas": {}
  }
}
