---
source: reflectapi-demo/src/tests/serde.rs
expression: schema
---
{
  "id": {
    "kind": "Struct",
    "path": [
      "Schema"
    ],
    "disambiguator": 0
  },
  "name": "",
  "functions": [
    {
      "id": {
        "kind": "Endpoint",
        "path": [
          "inout_test"
        ],
        "disambiguator": 0
      },
      "name": "inout_test",
      "path": "",
      "input_type": {
        "name": "reflectapi_demo::tests::serde::Test"
      },
      "output_type": {
        "name": "reflectapi_demo::tests::serde::Test"
      },
      "serialization": [
        "json",
        "msgpack"
      ]
    }
  ],
  "input_types": {
    "types": [
      {
        "kind": "primitive",
        "id": {
          "kind": "Primitive",
          "path": [
            "indexmap::IndexMap"
          ],
          "disambiguator": 0
        },
        "name": "indexmap::IndexMap",
        "description": "Key-value map type ordered by insertion",
        "parameters": [
          {
            "name": "K"
          },
          {
            "name": "V"
          }
        ],
        "fallback": {
          "name": "std::collections::HashMap",
          "arguments": [
            {
              "name": "K"
            },
            {
              "name": "V"
            }
          ]
        }
      },
      {
        "kind": "primitive",
        "id": {
          "kind": "Primitive",
          "path": [
            "indexmap::IndexSet"
          ],
          "disambiguator": 0
        },
        "name": "indexmap::IndexSet",
        "description": "Set type ordered by insertion",
        "parameters": [
          {
            "name": "V"
          }
        ],
        "fallback": {
          "name": "std::collections::HashSet",
          "arguments": [
            {
              "name": "V"
            }
          ]
        }
      },
      {
        "kind": "struct",
        "id": {
          "kind": "Struct",
          "path": [
            "reflectapi::Empty"
          ],
          "disambiguator": 0
        },
        "name": "reflectapi::Empty",
        "description": "Struct object with no fields",
        "fields": "none"
      },
      {
        "kind": "struct",
        "id": {
          "kind": "Struct",
          "path": [
            "Test"
          ],
          "disambiguator": 0
        },
        "name": "reflectapi_demo::tests::serde::Test",
        "fields": {
          "named": [
            {
              "id": {
                "kind": "Field",
                "path": [
                  "index_map"
                ],
                "disambiguator": 0
              },
              "name": "index_map",
              "type": {
                "name": "indexmap::IndexMap",
                "arguments": [
                  {
                    "name": "u8"
                  },
                  {
                    "name": "u32"
                  }
                ]
              },
              "required": true
            },
            {
              "id": {
                "kind": "Field",
                "path": [
                  "index_set"
                ],
                "disambiguator": 0
              },
              "name": "index_set",
              "type": {
                "name": "indexmap::IndexSet",
                "arguments": [
                  {
                    "name": "std::string::String"
                  }
                ]
              },
              "required": true
            },
            {
              "id": {
                "kind": "Field",
                "path": [
                  "url"
                ],
                "disambiguator": 0
              },
              "name": "url",
              "type": {
                "name": "url::Url"
              },
              "required": true
            },
            {
              "id": {
                "kind": "Field",
                "path": [
                  "json"
                ],
                "disambiguator": 0
              },
              "name": "json",
              "type": {
                "name": "serde_json::Value"
              },
              "required": true
            }
          ]
        }
      },
      {
        "kind": "primitive",
        "id": {
          "kind": "Primitive",
          "path": [
            "serde_json::Value"
          ],
          "disambiguator": 0
        },
        "name": "serde_json::Value",
        "description": "JSON value type"
      },
      {
        "kind": "primitive",
        "id": {
          "kind": "Primitive",
          "path": [
            "std::collections::HashMap"
          ],
          "disambiguator": 0
        },
        "name": "std::collections::HashMap",
        "description": "Key-value map type",
        "parameters": [
          {
            "name": "K"
          },
          {
            "name": "V"
          }
        ]
      },
      {
        "kind": "primitive",
        "id": {
          "kind": "Primitive",
          "path": [
            "std::collections::HashSet"
          ],
          "disambiguator": 0
        },
        "name": "std::collections::HashSet",
        "description": "Value set type",
        "parameters": [
          {
            "name": "V"
          }
        ],
        "fallback": {
          "name": "std::vec::Vec",
          "arguments": [
            {
              "name": "V"
            }
          ]
        }
      },
      {
        "kind": "primitive",
        "id": {
          "kind": "Primitive",
          "path": [
            "std::string::String"
          ],
          "disambiguator": 0
        },
        "name": "std::string::String",
        "description": "UTF-8 encoded string"
      },
      {
        "kind": "primitive",
        "id": {
          "kind": "Primitive",
          "path": [
            "std::vec::Vec"
          ],
          "disambiguator": 0
        },
        "name": "std::vec::Vec",
        "description": "Expandable array type",
        "parameters": [
          {
            "name": "T"
          }
        ]
      },
      {
        "kind": "primitive",
        "id": {
          "kind": "Primitive",
          "path": [
            "u32"
          ],
          "disambiguator": 0
        },
        "name": "u32",
        "description": "32-bit unsigned integer"
      },
      {
        "kind": "primitive",
        "id": {
          "kind": "Primitive",
          "path": [
            "u8"
          ],
          "disambiguator": 0
        },
        "name": "u8",
        "description": "8-bit unsigned integer"
      },
      {
        "kind": "primitive",
        "id": {
          "kind": "Primitive",
          "path": [
            "url::Url"
          ],
          "disambiguator": 0
        },
        "name": "url::Url",
        "description": "URL value type",
        "fallback": {
          "name": "std::string::String"
        }
      }
    ]
  },
  "output_types": {
    "types": [
      {
        "kind": "primitive",
        "id": {
          "kind": "Primitive",
          "path": [
            "indexmap::IndexMap"
          ],
          "disambiguator": 0
        },
        "name": "indexmap::IndexMap",
        "description": "Key-value map type ordered by insertion",
        "parameters": [
          {
            "name": "K"
          },
          {
            "name": "V"
          }
        ],
        "fallback": {
          "name": "std::collections::HashMap",
          "arguments": [
            {
              "name": "K"
            },
            {
              "name": "V"
            }
          ]
        }
      },
      {
        "kind": "primitive",
        "id": {
          "kind": "Primitive",
          "path": [
            "indexmap::IndexSet"
          ],
          "disambiguator": 0
        },
        "name": "indexmap::IndexSet",
        "description": "Set type ordered by insertion",
        "parameters": [
          {
            "name": "V"
          }
        ],
        "fallback": {
          "name": "std::collections::HashSet",
          "arguments": [
            {
              "name": "V"
            }
          ]
        }
      },
      {
        "kind": "struct",
        "id": {
          "kind": "Struct",
          "path": [
            "reflectapi::Infallible"
          ],
          "disambiguator": 0
        },
        "name": "reflectapi::Infallible",
        "description": "Error object which is expected to be never returned",
        "fields": "none"
      },
      {
        "kind": "struct",
        "id": {
          "kind": "Struct",
          "path": [
            "Test"
          ],
          "disambiguator": 0
        },
        "name": "reflectapi_demo::tests::serde::Test",
        "fields": {
          "named": [
            {
              "id": {
                "kind": "Field",
                "path": [
                  "index_map"
                ],
                "disambiguator": 0
              },
              "name": "index_map",
              "type": {
                "name": "indexmap::IndexMap",
                "arguments": [
                  {
                    "name": "u8"
                  },
                  {
                    "name": "u32"
                  }
                ]
              },
              "required": true
            },
            {
              "id": {
                "kind": "Field",
                "path": [
                  "index_set"
                ],
                "disambiguator": 0
              },
              "name": "index_set",
              "type": {
                "name": "indexmap::IndexSet",
                "arguments": [
                  {
                    "name": "std::string::String"
                  }
                ]
              },
              "required": true
            },
            {
              "id": {
                "kind": "Field",
                "path": [
                  "url"
                ],
                "disambiguator": 0
              },
              "name": "url",
              "type": {
                "name": "url::Url"
              },
              "required": true
            },
            {
              "id": {
                "kind": "Field",
                "path": [
                  "json"
                ],
                "disambiguator": 0
              },
              "name": "json",
              "type": {
                "name": "serde_json::Value"
              },
              "required": true
            }
          ]
        }
      },
      {
        "kind": "primitive",
        "id": {
          "kind": "Primitive",
          "path": [
            "serde_json::Value"
          ],
          "disambiguator": 0
        },
        "name": "serde_json::Value",
        "description": "JSON value type"
      },
      {
        "kind": "primitive",
        "id": {
          "kind": "Primitive",
          "path": [
            "std::collections::HashMap"
          ],
          "disambiguator": 0
        },
        "name": "std::collections::HashMap",
        "description": "Key-value map type",
        "parameters": [
          {
            "name": "K"
          },
          {
            "name": "V"
          }
        ]
      },
      {
        "kind": "primitive",
        "id": {
          "kind": "Primitive",
          "path": [
            "std::collections::HashSet"
          ],
          "disambiguator": 0
        },
        "name": "std::collections::HashSet",
        "description": "Value set type",
        "parameters": [
          {
            "name": "V"
          }
        ],
        "fallback": {
          "name": "std::vec::Vec",
          "arguments": [
            {
              "name": "V"
            }
          ]
        }
      },
      {
        "kind": "primitive",
        "id": {
          "kind": "Primitive",
          "path": [
            "std::string::String"
          ],
          "disambiguator": 0
        },
        "name": "std::string::String",
        "description": "UTF-8 encoded string"
      },
      {
        "kind": "primitive",
        "id": {
          "kind": "Primitive",
          "path": [
            "std::vec::Vec"
          ],
          "disambiguator": 0
        },
        "name": "std::vec::Vec",
        "description": "Expandable array type",
        "parameters": [
          {
            "name": "T"
          }
        ]
      },
      {
        "kind": "primitive",
        "id": {
          "kind": "Primitive",
          "path": [
            "u32"
          ],
          "disambiguator": 0
        },
        "name": "u32",
        "description": "32-bit unsigned integer"
      },
      {
        "kind": "primitive",
        "id": {
          "kind": "Primitive",
          "path": [
            "u8"
          ],
          "disambiguator": 0
        },
        "name": "u8",
        "description": "8-bit unsigned integer"
      },
      {
        "kind": "primitive",
        "id": {
          "kind": "Primitive",
          "path": [
            "url::Url"
          ],
          "disambiguator": 0
        },
        "name": "url::Url",
        "description": "URL value type",
        "fallback": {
          "name": "std::string::String"
        }
      }
    ]
  }
}
