---
source: reflectapi-demo/src/tests/basic.rs
expression: schema
---
{
  "name": "",
  "functions": [
    {
      "name": "inout_test",
      "path": "",
      "input_type": {
        "name": "reflectapi_demo::tests::basic::TestStructWithAttributesTypeOnly"
      },
      "output_type": {
        "name": "reflectapi_demo::tests::basic::TestStructWithAttributesTypeOnly"
      },
      "serialization": [
        "json"
      ]
    }
  ],
  "input_types": {
    "types": [
      {
        "kind": "struct",
        "name": "reflectapi::Empty",
        "description": "Struct object with no fields",
        "fields": "none"
      },
      {
        "kind": "struct",
        "name": "reflectapi_demo::tests::basic::TestStructWithAttributesTypeOnly",
        "fields": {
          "unnamed": [
            {
              "name": "0",
              "type": {
                "name": "std::string::String"
              }
            }
          ]
        },
        "transparent": true
      },
      {
        "kind": "primitive",
        "name": "std::string::String",
        "description": "UTF-8 encoded string"
      }
    ]
  },
  "output_types": {
    "types": [
      {
        "kind": "struct",
        "name": "reflectapi::Infallible",
        "description": "Error object which is expected to be never returned",
        "fields": "none"
      },
      {
        "kind": "struct",
        "name": "reflectapi_demo::tests::basic::TestStructWithAttributesTypeOnly",
        "fields": {
          "unnamed": [
            {
              "name": "0",
              "type": {
                "name": "std::string::String"
              }
            }
          ]
        },
        "transparent": true
      },
      {
        "kind": "primitive",
        "name": "std::string::String",
        "description": "UTF-8 encoded string"
      }
    ]
  }
}
