---
source: reflectapi-demo/src/tests/serde.rs
expression: schema
---
{
  "id": {
    "kind": "Struct",
    "path": [
      "Schema"
    ],
    "disambiguator": 0
  },
  "name": "",
  "functions": [
    {
      "id": {
        "kind": "Endpoint",
        "path": [
          "inout_test"
        ],
        "disambiguator": 0
      },
      "name": "inout_test",
      "path": "",
      "input_type": {
        "name": "reflectapi_demo::tests::serde::input::TestEnumWithVariantSkipSerialize"
      },
      "output_type": {
        "name": "reflectapi_demo::tests::serde::output::TestEnumWithVariantSkipSerialize"
      },
      "serialization": [
        "json",
        "msgpack"
      ]
    }
  ],
  "input_types": {
    "types": [
      {
        "kind": "struct",
        "id": {
          "kind": "Struct",
          "path": [
            "reflectapi::Empty"
          ],
          "disambiguator": 0
        },
        "name": "reflectapi::Empty",
        "description": "Struct object with no fields",
        "fields": "none"
      },
      {
        "kind": "enum",
        "id": {
          "kind": "Enum",
          "path": [
            "TestEnumWithVariantSkipSerialize"
          ],
          "disambiguator": 0
        },
        "name": "reflectapi_demo::tests::serde::input::TestEnumWithVariantSkipSerialize",
        "variants": [
          {
            "id": {
              "kind": "Variant",
              "path": [
                "Variant1"
              ],
              "disambiguator": 0
            },
            "name": "Variant1",
            "fields": "none"
          }
        ]
      }
    ]
  },
  "output_types": {
    "types": [
      {
        "kind": "struct",
        "id": {
          "kind": "Struct",
          "path": [
            "reflectapi::Infallible"
          ],
          "disambiguator": 0
        },
        "name": "reflectapi::Infallible",
        "description": "Error object which is expected to be never returned",
        "fields": "none"
      },
      {
        "kind": "enum",
        "id": {
          "kind": "Enum",
          "path": [
            "TestEnumWithVariantSkipSerialize"
          ],
          "disambiguator": 0
        },
        "name": "reflectapi_demo::tests::serde::output::TestEnumWithVariantSkipSerialize"
      }
    ]
  }
}
