---
source: reflectapi-demo/src/tests/enums.rs
expression: "super::into_input_typescript_code::<TestEnum>()"
---
export namespace __definition {
  export interface Interface {
    input_test: (
      input: reflectapi_demo.tests.enums.TestEnum,
      headers: {},
    ) => AsyncResult<{}, {}>;
  }
}
export namespace reflectapi {
  /// Struct object with no fields
  export interface Empty {}

  /// Error object which is expected to be never returned
  export interface Infallible {}
}

export namespace reflectapi_demo {
  export namespace tests {
    export namespace enums {
      export type TestEnum = "Variant1" | "Variant2";
    }
  }
}

namespace __implementation {

  function input_test(client: Client) {
    return (input: reflectapi_demo.tests.enums.TestEnum, headers: {}) =>
      __request<reflectapi_demo.tests.enums.TestEnum, {}, {}, {}>(
        client,
        "/input_test",
        input,
        headers,
      );
  }
}
