---
source: reflect-demo/src/tests/basic.rs
expression: "TestStructNewtype::reflect_output()"
---
[
  {
    "name": "reflect_demo::tests::basic::TestStructNewtype"
  },
  {
    "name": "",
    "types": [
      {
        "kind": "struct",
        "name": "reflect_demo::tests::basic::TestStructNewtype",
        "fields": [
          {
            "name": "0",
            "type": {
              "name": "std::string::String"
            },
            "required": true
          }
        ]
      },
      {
        "kind": "primitive",
        "name": "std::string::String",
        "description": "UTF-8 encoded string"
      }
    ]
  }
]
