---
source: reflect-demo/src/tests/serde.rs
expression: "(TestStructRenameDifferently::reflect_input(),\n    TestStructRenameDifferently::reflect_output())"
---
[
  [
    {
      "name": "reflect_demo::tests::serde::MyStructInput"
    },
    {
      "types": [
        {
          "kind": "struct",
          "name": "reflect_demo::tests::serde::MyStructInput"
        }
      ]
    }
  ],
  [
    {
      "name": "reflect_demo::tests::serde::MyStructOutput"
    },
    {
      "types": [
        {
          "kind": "struct",
          "name": "reflect_demo::tests::serde::MyStructOutput"
        }
      ]
    }
  ]
]
