---
source: reflect-demo/src/tests/serde.rs
expression: "super::into_schema::<TestEnumTagContentRenameAll>()"
---
{
  "name": "",
  "functions": [
    {
      "name": "",
      "input_type": {
        "name": "reflect_demo::tests::serde::TestEnumTagContentRenameAll"
      },
      "output_type": {
        "name": "reflect_demo::tests::serde::TestEnumTagContentRenameAll"
      },
      "serialization": [
        "json"
      ]
    }
  ],
  "input_types": {
    "types": [
      {
        "kind": "struct",
        "name": "reflect::Empty",
        "description": "Struct object with no fields"
      },
      {
        "kind": "enum",
        "name": "reflect_demo::tests::serde::TestEnumTagContentRenameAll",
        "representation": {
          "Adjacent": {
            "tag": "type",
            "content": "content"
          }
        },
        "variants": [
          {
            "name": "variant1",
            "fields": [
              {
                "name": "field_name",
                "type": {
                  "name": "u8"
                },
                "required": true
              }
            ]
          },
          {
            "name": "variant2",
            "fields": [
              {
                "name": "0",
                "type": {
                  "name": "u8"
                },
                "required": true
              }
            ]
          }
        ]
      },
      {
        "kind": "primitive",
        "name": "u8",
        "description": "8-bit unsigned integer"
      }
    ]
  },
  "output_types": {
    "types": [
      {
        "kind": "struct",
        "name": "reflect::Infallible",
        "description": "Error object which is expected to be never returned"
      },
      {
        "kind": "enum",
        "name": "reflect_demo::tests::serde::TestEnumTagContentRenameAll",
        "representation": {
          "Adjacent": {
            "tag": "type",
            "content": "content"
          }
        },
        "variants": [
          {
            "name": "variant1",
            "fields": [
              {
                "name": "field_name",
                "type": {
                  "name": "u8"
                },
                "required": true
              }
            ]
          },
          {
            "name": "variant2",
            "fields": [
              {
                "name": "0",
                "type": {
                  "name": "u8"
                },
                "required": true
              }
            ]
          }
        ]
      },
      {
        "kind": "primitive",
        "name": "u8",
        "description": "8-bit unsigned integer"
      }
    ]
  }
}
