---
source: reflect-demo/src/tests/enums.rs
expression: "super::into_input_schema::<TestEnum>().input_types"
---
{
  "types": [
    {
      "kind": "struct",
      "name": "reflect::Empty",
      "description": "Struct object with no fields"
    },
    {
      "kind": "enum",
      "name": "reflect_demo::tests::enums::TestEnum",
      "variants": [
        {
          "name": "Variant1"
        },
        {
          "name": "Variant2"
        }
      ]
    }
  ]
}
