---
source: reflect-demo/src/tests/basic.rs
expression: "super::into_schema::<TestStructWithAllPrimitiveTypeFields>()"
---
{
  "name": "",
  "input_types": {
    "types": [
      {
        "kind": "primitive",
        "name": "()",
        "description": "Unit type"
      },
      {
        "kind": "primitive",
        "name": "bool",
        "description": "Boolean value"
      },
      {
        "kind": "primitive",
        "name": "char",
        "description": "Unicode character"
      },
      {
        "kind": "primitive",
        "name": "f32",
        "description": "32-bit floating point number"
      },
      {
        "kind": "primitive",
        "name": "f64",
        "description": "64-bit floating point number"
      },
      {
        "kind": "primitive",
        "name": "i128",
        "description": "128-bit signed integer"
      },
      {
        "kind": "primitive",
        "name": "i16",
        "description": "16-bit signed integer"
      },
      {
        "kind": "primitive",
        "name": "i32",
        "description": "32-bit signed integer"
      },
      {
        "kind": "primitive",
        "name": "i64",
        "description": "64-bit signed integer"
      },
      {
        "kind": "primitive",
        "name": "i8",
        "description": "8-bit signed integer"
      },
      {
        "kind": "primitive",
        "name": "isize",
        "description": "Machine-specific-bit signed integer",
        "fallback": {
          "name": "i64"
        }
      },
      {
        "kind": "struct",
        "name": "reflect::Empty",
        "description": "Struct object with no fields"
      },
      {
        "kind": "struct",
        "name": "reflect::Infallible",
        "description": "Error object which is expected to be never returned"
      },
      {
        "kind": "struct",
        "name": "reflect_demo::tests::basic::TestStructWithAllPrimitiveTypeFields",
        "fields": [
          {
            "name": "_f_u8",
            "type": {
              "name": "u8"
            },
            "required": true
          },
          {
            "name": "_f_u16",
            "type": {
              "name": "u16"
            },
            "required": true
          },
          {
            "name": "_f_u32",
            "type": {
              "name": "u32"
            },
            "required": true
          },
          {
            "name": "_f_u64",
            "type": {
              "name": "u64"
            },
            "required": true
          },
          {
            "name": "_f_u128",
            "type": {
              "name": "u128"
            },
            "required": true
          },
          {
            "name": "_f_usize",
            "type": {
              "name": "usize"
            },
            "required": true
          },
          {
            "name": "_f_i8",
            "type": {
              "name": "i8"
            },
            "required": true
          },
          {
            "name": "_f_i16",
            "type": {
              "name": "i16"
            },
            "required": true
          },
          {
            "name": "_f_i32",
            "type": {
              "name": "i32"
            },
            "required": true
          },
          {
            "name": "_f_i64",
            "type": {
              "name": "i64"
            },
            "required": true
          },
          {
            "name": "_f_i128",
            "type": {
              "name": "i128"
            },
            "required": true
          },
          {
            "name": "_f_isize",
            "type": {
              "name": "isize"
            },
            "required": true
          },
          {
            "name": "_f_f32",
            "type": {
              "name": "f32"
            },
            "required": true
          },
          {
            "name": "_f_f64",
            "type": {
              "name": "f64"
            },
            "required": true
          },
          {
            "name": "_f_bool",
            "type": {
              "name": "bool"
            },
            "required": true
          },
          {
            "name": "_f_char",
            "type": {
              "name": "char"
            },
            "required": true
          },
          {
            "name": "_f_str",
            "type": {
              "name": "std::string::String"
            },
            "required": true
          },
          {
            "name": "_f_unit",
            "type": {
              "name": "()"
            },
            "required": true
          },
          {
            "name": "_f_option",
            "type": {
              "name": "std::option::Option",
              "parameters": [
                {
                  "name": "u8"
                }
              ]
            },
            "required": true
          },
          {
            "name": "_f_vec",
            "type": {
              "name": "std::vec::Vec",
              "parameters": [
                {
                  "name": "u8"
                }
              ]
            },
            "required": true
          },
          {
            "name": "_f_hashmap",
            "type": {
              "name": "std::collections::HashMap",
              "parameters": [
                {
                  "name": "u8"
                },
                {
                  "name": "std::string::String"
                }
              ]
            },
            "required": true
          },
          {
            "name": "_f_hashset",
            "type": {
              "name": "std::collections::HashSet",
              "parameters": [
                {
                  "name": "u8"
                }
              ]
            },
            "required": true
          },
          {
            "name": "_f_tuple",
            "type": {
              "name": "std::tuple::Tuple2",
              "parameters": [
                {
                  "name": "u8"
                },
                {
                  "name": "std::string::String"
                }
              ]
            },
            "required": true
          },
          {
            "name": "_f_tuple3",
            "type": {
              "name": "std::tuple::Tuple3",
              "parameters": [
                {
                  "name": "u8"
                },
                {
                  "name": "std::string::String"
                },
                {
                  "name": "u8"
                }
              ]
            },
            "required": true
          },
          {
            "name": "_f_tuple4",
            "type": {
              "name": "std::tuple::Tuple4",
              "parameters": [
                {
                  "name": "u8"
                },
                {
                  "name": "std::string::String"
                },
                {
                  "name": "u8"
                },
                {
                  "name": "std::string::String"
                }
              ]
            },
            "required": true
          },
          {
            "name": "_f_tuple5",
            "type": {
              "name": "std::tuple::Tuple5",
              "parameters": [
                {
                  "name": "u8"
                },
                {
                  "name": "std::string::String"
                },
                {
                  "name": "u8"
                },
                {
                  "name": "std::string::String"
                },
                {
                  "name": "u8"
                }
              ]
            },
            "required": true
          },
          {
            "name": "_f_tuple6",
            "type": {
              "name": "std::tuple::Tuple6",
              "parameters": [
                {
                  "name": "u8"
                },
                {
                  "name": "std::string::String"
                },
                {
                  "name": "u8"
                },
                {
                  "name": "std::string::String"
                },
                {
                  "name": "u8"
                },
                {
                  "name": "std::string::String"
                }
              ]
            },
            "required": true
          },
          {
            "name": "_f_tuple7",
            "type": {
              "name": "std::tuple::Tuple7",
              "parameters": [
                {
                  "name": "u8"
                },
                {
                  "name": "std::string::String"
                },
                {
                  "name": "u8"
                },
                {
                  "name": "std::string::String"
                },
                {
                  "name": "u8"
                },
                {
                  "name": "std::string::String"
                },
                {
                  "name": "u8"
                }
              ]
            },
            "required": true
          },
          {
            "name": "_f_tuple8",
            "type": {
              "name": "std::tuple::Tuple8",
              "parameters": [
                {
                  "name": "u8"
                },
                {
                  "name": "std::string::String"
                },
                {
                  "name": "u8"
                },
                {
                  "name": "std::string::String"
                },
                {
                  "name": "u8"
                },
                {
                  "name": "std::string::String"
                },
                {
                  "name": "u8"
                },
                {
                  "name": "std::string::String"
                }
              ]
            },
            "required": true
          },
          {
            "name": "_f_tuple9",
            "type": {
              "name": "std::tuple::Tuple9",
              "parameters": [
                {
                  "name": "u8"
                },
                {
                  "name": "std::string::String"
                },
                {
                  "name": "u8"
                },
                {
                  "name": "std::string::String"
                },
                {
                  "name": "u8"
                },
                {
                  "name": "std::string::String"
                },
                {
                  "name": "u8"
                },
                {
                  "name": "std::string::String"
                },
                {
                  "name": "u8"
                }
              ]
            },
            "required": true
          },
          {
            "name": "_f_tuple10",
            "type": {
              "name": "std::tuple::Tuple10",
              "parameters": [
                {
                  "name": "u8"
                },
                {
                  "name": "std::string::String"
                },
                {
                  "name": "u8"
                },
                {
                  "name": "std::string::String"
                },
                {
                  "name": "u8"
                },
                {
                  "name": "std::string::String"
                },
                {
                  "name": "u8"
                },
                {
                  "name": "std::string::String"
                },
                {
                  "name": "u8"
                },
                {
                  "name": "std::string::String"
                }
              ]
            },
            "required": true
          },
          {
            "name": "_f_tuple11",
            "type": {
              "name": "std::tuple::Tuple11",
              "parameters": [
                {
                  "name": "u8"
                },
                {
                  "name": "std::string::String"
                },
                {
                  "name": "u8"
                },
                {
                  "name": "std::string::String"
                },
                {
                  "name": "u8"
                },
                {
                  "name": "std::string::String"
                },
                {
                  "name": "u8"
                },
                {
                  "name": "std::string::String"
                },
                {
                  "name": "u8"
                },
                {
                  "name": "std::string::String"
                },
                {
                  "name": "u8"
                }
              ]
            },
            "required": true
          },
          {
            "name": "_f_tuple12",
            "type": {
              "name": "std::tuple::Tuple12",
              "parameters": [
                {
                  "name": "u8"
                },
                {
                  "name": "std::string::String"
                },
                {
                  "name": "u8"
                },
                {
                  "name": "std::string::String"
                },
                {
                  "name": "u8"
                },
                {
                  "name": "std::string::String"
                },
                {
                  "name": "u8"
                },
                {
                  "name": "std::string::String"
                },
                {
                  "name": "u8"
                },
                {
                  "name": "std::string::String"
                },
                {
                  "name": "u8"
                },
                {
                  "name": "std::string::String"
                }
              ]
            },
            "required": true
          },
          {
            "name": "_f_array",
            "type": {
              "name": "std::array::Array",
              "parameters": [
                {
                  "name": "u8"
                },
                {
                  "name": "3"
                }
              ]
            },
            "required": true
          },
          {
            "name": "_f_pointer_box",
            "type": {
              "name": "std::boxed::Box",
              "parameters": [
                {
                  "name": "u8"
                }
              ]
            },
            "required": true
          },
          {
            "name": "_f_pointer_arc",
            "type": {
              "name": "std::sync::Arc",
              "parameters": [
                {
                  "name": "u8"
                }
              ]
            },
            "required": true
          },
          {
            "name": "_f_pointer_cell",
            "type": {
              "name": "std::cell::Cell",
              "parameters": [
                {
                  "name": "u8"
                }
              ]
            },
            "required": true
          },
          {
            "name": "_f_pointer_refcell",
            "type": {
              "name": "std::cell::RefCell",
              "parameters": [
                {
                  "name": "u8"
                }
              ]
            },
            "required": true
          },
          {
            "name": "_f_pointer_mutex",
            "type": {
              "name": "std::sync::Mutex",
              "parameters": [
                {
                  "name": "u8"
                }
              ]
            },
            "required": true
          },
          {
            "name": "_f_pointer_rwlock",
            "type": {
              "name": "std::sync::RwLock",
              "parameters": [
                {
                  "name": "u8"
                }
              ]
            },
            "required": true
          },
          {
            "name": "_f_pointer_weak",
            "type": {
              "name": "std::sync::Weak",
              "parameters": [
                {
                  "name": "u8"
                }
              ]
            },
            "required": true
          },
          {
            "name": "_f_phantomdata",
            "type": {
              "name": "std::marker::PhantomData",
              "parameters": [
                {
                  "name": "u8"
                }
              ]
            },
            "required": true
          },
          {
            "name": "_f_infallible",
            "type": {
              "name": "reflect::Infallible"
            },
            "required": true
          }
        ]
      },
      {
        "kind": "primitive",
        "name": "std::array::Array",
        "description": "Fixed-size Array",
        "parameters": [
          {
            "name": "T"
          },
          {
            "name": "N"
          }
        ],
        "fallback": {
          "name": "std::vec::Vec",
          "parameters": [
            {
              "name": "T"
            }
          ]
        }
      },
      {
        "kind": "primitive",
        "name": "std::boxed::Box",
        "description": "std::boxed::Box pointer type",
        "parameters": [
          {
            "name": "T"
          }
        ],
        "fallback": {
          "name": "T"
        }
      },
      {
        "kind": "primitive",
        "name": "std::cell::Cell",
        "description": "std::cell::Cell pointer type",
        "parameters": [
          {
            "name": "T"
          }
        ],
        "fallback": {
          "name": "T"
        }
      },
      {
        "kind": "primitive",
        "name": "std::cell::RefCell",
        "description": "std::cell::RefCell pointer type",
        "parameters": [
          {
            "name": "T"
          }
        ],
        "fallback": {
          "name": "T"
        }
      },
      {
        "kind": "primitive",
        "name": "std::collections::HashMap",
        "description": "Key-value map type",
        "parameters": [
          {
            "name": "K"
          },
          {
            "name": "V"
          }
        ]
      },
      {
        "kind": "primitive",
        "name": "std::collections::HashSet",
        "description": "Value set type",
        "parameters": [
          {
            "name": "V"
          }
        ],
        "fallback": {
          "name": "std::array::Array",
          "parameters": [
            {
              "name": "V"
            }
          ]
        }
      },
      {
        "kind": "primitive",
        "name": "std::marker::PhantomData",
        "description": "Zero-sized phantom data",
        "parameters": [
          {
            "name": "T"
          }
        ]
      },
      {
        "kind": "enum",
        "name": "std::option::Option",
        "description": "Optional nullable type",
        "parameters": [
          {
            "name": "T"
          }
        ],
        "representation": "None",
        "variants": [
          {
            "name": "None",
            "description": "The value is not provided, i.e. null"
          },
          {
            "name": "Some",
            "description": "The value is provided and set to some value",
            "fields": [
              {
                "name": "0",
                "type": {
                  "name": "T"
                }
              }
            ]
          }
        ]
      },
      {
        "kind": "primitive",
        "name": "std::string::String",
        "description": "UTF-8 encoded string"
      },
      {
        "kind": "primitive",
        "name": "std::sync::Arc",
        "description": "std::sync::Arc pointer type",
        "parameters": [
          {
            "name": "T"
          }
        ],
        "fallback": {
          "name": "T"
        }
      },
      {
        "kind": "primitive",
        "name": "std::sync::Mutex",
        "description": "std::sync::Mutex pointer type",
        "parameters": [
          {
            "name": "T"
          }
        ],
        "fallback": {
          "name": "T"
        }
      },
      {
        "kind": "primitive",
        "name": "std::sync::RwLock",
        "description": "std::sync::RwLock pointer type",
        "parameters": [
          {
            "name": "T"
          }
        ],
        "fallback": {
          "name": "T"
        }
      },
      {
        "kind": "primitive",
        "name": "std::sync::Weak",
        "description": "std::sync::Weak pointer type",
        "parameters": [
          {
            "name": "T"
          }
        ],
        "fallback": {
          "name": "T"
        }
      },
      {
        "kind": "primitive",
        "name": "std::tuple::Tuple10",
        "description": "Tuple holding 10 elements",
        "parameters": [
          {
            "name": "T1"
          },
          {
            "name": "T2"
          },
          {
            "name": "T3"
          },
          {
            "name": "T4"
          },
          {
            "name": "T5"
          },
          {
            "name": "T6"
          },
          {
            "name": "T7"
          },
          {
            "name": "T8"
          },
          {
            "name": "T9"
          },
          {
            "name": "T10"
          }
        ]
      },
      {
        "kind": "primitive",
        "name": "std::tuple::Tuple11",
        "description": "Tuple holding 11 elements",
        "parameters": [
          {
            "name": "T1"
          },
          {
            "name": "T2"
          },
          {
            "name": "T3"
          },
          {
            "name": "T4"
          },
          {
            "name": "T5"
          },
          {
            "name": "T6"
          },
          {
            "name": "T7"
          },
          {
            "name": "T8"
          },
          {
            "name": "T9"
          },
          {
            "name": "T10"
          },
          {
            "name": "T11"
          }
        ]
      },
      {
        "kind": "primitive",
        "name": "std::tuple::Tuple12",
        "description": "Tuple holding 12 elements",
        "parameters": [
          {
            "name": "T1"
          },
          {
            "name": "T2"
          },
          {
            "name": "T3"
          },
          {
            "name": "T4"
          },
          {
            "name": "T5"
          },
          {
            "name": "T6"
          },
          {
            "name": "T7"
          },
          {
            "name": "T8"
          },
          {
            "name": "T9"
          },
          {
            "name": "T10"
          },
          {
            "name": "T11"
          },
          {
            "name": "T12"
          }
        ]
      },
      {
        "kind": "primitive",
        "name": "std::tuple::Tuple2",
        "description": "Tuple holding 2 elements",
        "parameters": [
          {
            "name": "T1"
          },
          {
            "name": "T2"
          }
        ]
      },
      {
        "kind": "primitive",
        "name": "std::tuple::Tuple3",
        "description": "Tuple holding 3 elements",
        "parameters": [
          {
            "name": "T1"
          },
          {
            "name": "T2"
          },
          {
            "name": "T3"
          }
        ]
      },
      {
        "kind": "primitive",
        "name": "std::tuple::Tuple4",
        "description": "Tuple holding 4 elements",
        "parameters": [
          {
            "name": "T1"
          },
          {
            "name": "T2"
          },
          {
            "name": "T3"
          },
          {
            "name": "T4"
          }
        ]
      },
      {
        "kind": "primitive",
        "name": "std::tuple::Tuple5",
        "description": "Tuple holding 5 elements",
        "parameters": [
          {
            "name": "T1"
          },
          {
            "name": "T2"
          },
          {
            "name": "T3"
          },
          {
            "name": "T4"
          },
          {
            "name": "T5"
          }
        ]
      },
      {
        "kind": "primitive",
        "name": "std::tuple::Tuple6",
        "description": "Tuple holding 6 elements",
        "parameters": [
          {
            "name": "T1"
          },
          {
            "name": "T2"
          },
          {
            "name": "T3"
          },
          {
            "name": "T4"
          },
          {
            "name": "T5"
          },
          {
            "name": "T6"
          }
        ]
      },
      {
        "kind": "primitive",
        "name": "std::tuple::Tuple7",
        "description": "Tuple holding 7 elements",
        "parameters": [
          {
            "name": "T1"
          },
          {
            "name": "T2"
          },
          {
            "name": "T3"
          },
          {
            "name": "T4"
          },
          {
            "name": "T5"
          },
          {
            "name": "T6"
          },
          {
            "name": "T7"
          }
        ]
      },
      {
        "kind": "primitive",
        "name": "std::tuple::Tuple8",
        "description": "Tuple holding 8 elements",
        "parameters": [
          {
            "name": "T1"
          },
          {
            "name": "T2"
          },
          {
            "name": "T3"
          },
          {
            "name": "T4"
          },
          {
            "name": "T5"
          },
          {
            "name": "T6"
          },
          {
            "name": "T7"
          },
          {
            "name": "T8"
          }
        ]
      },
      {
        "kind": "primitive",
        "name": "std::tuple::Tuple9",
        "description": "Tuple holding 9 elements",
        "parameters": [
          {
            "name": "T1"
          },
          {
            "name": "T2"
          },
          {
            "name": "T3"
          },
          {
            "name": "T4"
          },
          {
            "name": "T5"
          },
          {
            "name": "T6"
          },
          {
            "name": "T7"
          },
          {
            "name": "T8"
          },
          {
            "name": "T9"
          }
        ]
      },
      {
        "kind": "primitive",
        "name": "std::vec::Vec",
        "description": "Expandable array type",
        "parameters": [
          {
            "name": "T"
          }
        ]
      },
      {
        "kind": "primitive",
        "name": "u128",
        "description": "128-bit unsigned integer"
      },
      {
        "kind": "primitive",
        "name": "u16",
        "description": "16-bit unsigned integer"
      },
      {
        "kind": "primitive",
        "name": "u32",
        "description": "32-bit unsigned integer"
      },
      {
        "kind": "primitive",
        "name": "u64",
        "description": "64-bit unsigned integer"
      },
      {
        "kind": "primitive",
        "name": "u8",
        "description": "8-bit unsigned integer"
      },
      {
        "kind": "primitive",
        "name": "usize",
        "description": "Machine-specific-bit unsigned integer",
        "fallback": {
          "name": "u64"
        }
      }
    ]
  },
  "output_types": {
    "types": [
      {
        "kind": "primitive",
        "name": "()",
        "description": "Unit type"
      },
      {
        "kind": "primitive",
        "name": "bool",
        "description": "Boolean value"
      },
      {
        "kind": "primitive",
        "name": "char",
        "description": "Unicode character"
      },
      {
        "kind": "primitive",
        "name": "f32",
        "description": "32-bit floating point number"
      },
      {
        "kind": "primitive",
        "name": "f64",
        "description": "64-bit floating point number"
      },
      {
        "kind": "primitive",
        "name": "i128",
        "description": "128-bit signed integer"
      },
      {
        "kind": "primitive",
        "name": "i16",
        "description": "16-bit signed integer"
      },
      {
        "kind": "primitive",
        "name": "i32",
        "description": "32-bit signed integer"
      },
      {
        "kind": "primitive",
        "name": "i64",
        "description": "64-bit signed integer"
      },
      {
        "kind": "primitive",
        "name": "i8",
        "description": "8-bit signed integer"
      },
      {
        "kind": "primitive",
        "name": "isize",
        "description": "Machine-specific-bit signed integer",
        "fallback": {
          "name": "i64"
        }
      },
      {
        "kind": "struct",
        "name": "reflect::Infallible",
        "description": "Error object which is expected to be never returned"
      },
      {
        "kind": "struct",
        "name": "reflect_demo::tests::basic::TestStructWithAllPrimitiveTypeFields",
        "fields": [
          {
            "name": "_f_u8",
            "type": {
              "name": "u8"
            },
            "required": true
          },
          {
            "name": "_f_u16",
            "type": {
              "name": "u16"
            },
            "required": true
          },
          {
            "name": "_f_u32",
            "type": {
              "name": "u32"
            },
            "required": true
          },
          {
            "name": "_f_u64",
            "type": {
              "name": "u64"
            },
            "required": true
          },
          {
            "name": "_f_u128",
            "type": {
              "name": "u128"
            },
            "required": true
          },
          {
            "name": "_f_usize",
            "type": {
              "name": "usize"
            },
            "required": true
          },
          {
            "name": "_f_i8",
            "type": {
              "name": "i8"
            },
            "required": true
          },
          {
            "name": "_f_i16",
            "type": {
              "name": "i16"
            },
            "required": true
          },
          {
            "name": "_f_i32",
            "type": {
              "name": "i32"
            },
            "required": true
          },
          {
            "name": "_f_i64",
            "type": {
              "name": "i64"
            },
            "required": true
          },
          {
            "name": "_f_i128",
            "type": {
              "name": "i128"
            },
            "required": true
          },
          {
            "name": "_f_isize",
            "type": {
              "name": "isize"
            },
            "required": true
          },
          {
            "name": "_f_f32",
            "type": {
              "name": "f32"
            },
            "required": true
          },
          {
            "name": "_f_f64",
            "type": {
              "name": "f64"
            },
            "required": true
          },
          {
            "name": "_f_bool",
            "type": {
              "name": "bool"
            },
            "required": true
          },
          {
            "name": "_f_char",
            "type": {
              "name": "char"
            },
            "required": true
          },
          {
            "name": "_f_str",
            "type": {
              "name": "std::string::String"
            },
            "required": true
          },
          {
            "name": "_f_unit",
            "type": {
              "name": "()"
            },
            "required": true
          },
          {
            "name": "_f_option",
            "type": {
              "name": "std::option::Option",
              "parameters": [
                {
                  "name": "u8"
                }
              ]
            },
            "required": true
          },
          {
            "name": "_f_vec",
            "type": {
              "name": "std::vec::Vec",
              "parameters": [
                {
                  "name": "u8"
                }
              ]
            },
            "required": true
          },
          {
            "name": "_f_hashmap",
            "type": {
              "name": "std::collections::HashMap",
              "parameters": [
                {
                  "name": "u8"
                },
                {
                  "name": "std::string::String"
                }
              ]
            },
            "required": true
          },
          {
            "name": "_f_hashset",
            "type": {
              "name": "std::collections::HashSet",
              "parameters": [
                {
                  "name": "u8"
                }
              ]
            },
            "required": true
          },
          {
            "name": "_f_tuple",
            "type": {
              "name": "std::tuple::Tuple2",
              "parameters": [
                {
                  "name": "u8"
                },
                {
                  "name": "std::string::String"
                }
              ]
            },
            "required": true
          },
          {
            "name": "_f_tuple3",
            "type": {
              "name": "std::tuple::Tuple3",
              "parameters": [
                {
                  "name": "u8"
                },
                {
                  "name": "std::string::String"
                },
                {
                  "name": "u8"
                }
              ]
            },
            "required": true
          },
          {
            "name": "_f_tuple4",
            "type": {
              "name": "std::tuple::Tuple4",
              "parameters": [
                {
                  "name": "u8"
                },
                {
                  "name": "std::string::String"
                },
                {
                  "name": "u8"
                },
                {
                  "name": "std::string::String"
                }
              ]
            },
            "required": true
          },
          {
            "name": "_f_tuple5",
            "type": {
              "name": "std::tuple::Tuple5",
              "parameters": [
                {
                  "name": "u8"
                },
                {
                  "name": "std::string::String"
                },
                {
                  "name": "u8"
                },
                {
                  "name": "std::string::String"
                },
                {
                  "name": "u8"
                }
              ]
            },
            "required": true
          },
          {
            "name": "_f_tuple6",
            "type": {
              "name": "std::tuple::Tuple6",
              "parameters": [
                {
                  "name": "u8"
                },
                {
                  "name": "std::string::String"
                },
                {
                  "name": "u8"
                },
                {
                  "name": "std::string::String"
                },
                {
                  "name": "u8"
                },
                {
                  "name": "std::string::String"
                }
              ]
            },
            "required": true
          },
          {
            "name": "_f_tuple7",
            "type": {
              "name": "std::tuple::Tuple7",
              "parameters": [
                {
                  "name": "u8"
                },
                {
                  "name": "std::string::String"
                },
                {
                  "name": "u8"
                },
                {
                  "name": "std::string::String"
                },
                {
                  "name": "u8"
                },
                {
                  "name": "std::string::String"
                },
                {
                  "name": "u8"
                }
              ]
            },
            "required": true
          },
          {
            "name": "_f_tuple8",
            "type": {
              "name": "std::tuple::Tuple8",
              "parameters": [
                {
                  "name": "u8"
                },
                {
                  "name": "std::string::String"
                },
                {
                  "name": "u8"
                },
                {
                  "name": "std::string::String"
                },
                {
                  "name": "u8"
                },
                {
                  "name": "std::string::String"
                },
                {
                  "name": "u8"
                },
                {
                  "name": "std::string::String"
                }
              ]
            },
            "required": true
          },
          {
            "name": "_f_tuple9",
            "type": {
              "name": "std::tuple::Tuple9",
              "parameters": [
                {
                  "name": "u8"
                },
                {
                  "name": "std::string::String"
                },
                {
                  "name": "u8"
                },
                {
                  "name": "std::string::String"
                },
                {
                  "name": "u8"
                },
                {
                  "name": "std::string::String"
                },
                {
                  "name": "u8"
                },
                {
                  "name": "std::string::String"
                },
                {
                  "name": "u8"
                }
              ]
            },
            "required": true
          },
          {
            "name": "_f_tuple10",
            "type": {
              "name": "std::tuple::Tuple10",
              "parameters": [
                {
                  "name": "u8"
                },
                {
                  "name": "std::string::String"
                },
                {
                  "name": "u8"
                },
                {
                  "name": "std::string::String"
                },
                {
                  "name": "u8"
                },
                {
                  "name": "std::string::String"
                },
                {
                  "name": "u8"
                },
                {
                  "name": "std::string::String"
                },
                {
                  "name": "u8"
                },
                {
                  "name": "std::string::String"
                }
              ]
            },
            "required": true
          },
          {
            "name": "_f_tuple11",
            "type": {
              "name": "std::tuple::Tuple11",
              "parameters": [
                {
                  "name": "u8"
                },
                {
                  "name": "std::string::String"
                },
                {
                  "name": "u8"
                },
                {
                  "name": "std::string::String"
                },
                {
                  "name": "u8"
                },
                {
                  "name": "std::string::String"
                },
                {
                  "name": "u8"
                },
                {
                  "name": "std::string::String"
                },
                {
                  "name": "u8"
                },
                {
                  "name": "std::string::String"
                },
                {
                  "name": "u8"
                }
              ]
            },
            "required": true
          },
          {
            "name": "_f_tuple12",
            "type": {
              "name": "std::tuple::Tuple12",
              "parameters": [
                {
                  "name": "u8"
                },
                {
                  "name": "std::string::String"
                },
                {
                  "name": "u8"
                },
                {
                  "name": "std::string::String"
                },
                {
                  "name": "u8"
                },
                {
                  "name": "std::string::String"
                },
                {
                  "name": "u8"
                },
                {
                  "name": "std::string::String"
                },
                {
                  "name": "u8"
                },
                {
                  "name": "std::string::String"
                },
                {
                  "name": "u8"
                },
                {
                  "name": "std::string::String"
                }
              ]
            },
            "required": true
          },
          {
            "name": "_f_array",
            "type": {
              "name": "std::array::Array",
              "parameters": [
                {
                  "name": "u8"
                },
                {
                  "name": "3"
                }
              ]
            },
            "required": true
          },
          {
            "name": "_f_pointer_box",
            "type": {
              "name": "std::boxed::Box",
              "parameters": [
                {
                  "name": "u8"
                }
              ]
            },
            "required": true
          },
          {
            "name": "_f_pointer_arc",
            "type": {
              "name": "std::sync::Arc",
              "parameters": [
                {
                  "name": "u8"
                }
              ]
            },
            "required": true
          },
          {
            "name": "_f_pointer_cell",
            "type": {
              "name": "std::cell::Cell",
              "parameters": [
                {
                  "name": "u8"
                }
              ]
            },
            "required": true
          },
          {
            "name": "_f_pointer_refcell",
            "type": {
              "name": "std::cell::RefCell",
              "parameters": [
                {
                  "name": "u8"
                }
              ]
            },
            "required": true
          },
          {
            "name": "_f_pointer_mutex",
            "type": {
              "name": "std::sync::Mutex",
              "parameters": [
                {
                  "name": "u8"
                }
              ]
            },
            "required": true
          },
          {
            "name": "_f_pointer_rwlock",
            "type": {
              "name": "std::sync::RwLock",
              "parameters": [
                {
                  "name": "u8"
                }
              ]
            },
            "required": true
          },
          {
            "name": "_f_pointer_weak",
            "type": {
              "name": "std::sync::Weak",
              "parameters": [
                {
                  "name": "u8"
                }
              ]
            },
            "required": true
          },
          {
            "name": "_f_phantomdata",
            "type": {
              "name": "std::marker::PhantomData",
              "parameters": [
                {
                  "name": "u8"
                }
              ]
            },
            "required": true
          },
          {
            "name": "_f_infallible",
            "type": {
              "name": "reflect::Infallible"
            },
            "required": true
          }
        ]
      },
      {
        "kind": "primitive",
        "name": "std::array::Array",
        "description": "Fixed-size Array",
        "parameters": [
          {
            "name": "T"
          },
          {
            "name": "N"
          }
        ],
        "fallback": {
          "name": "std::vec::Vec",
          "parameters": [
            {
              "name": "T"
            }
          ]
        }
      },
      {
        "kind": "primitive",
        "name": "std::boxed::Box",
        "description": "std::boxed::Box pointer type",
        "parameters": [
          {
            "name": "T"
          }
        ],
        "fallback": {
          "name": "T"
        }
      },
      {
        "kind": "primitive",
        "name": "std::cell::Cell",
        "description": "std::cell::Cell pointer type",
        "parameters": [
          {
            "name": "T"
          }
        ],
        "fallback": {
          "name": "T"
        }
      },
      {
        "kind": "primitive",
        "name": "std::cell::RefCell",
        "description": "std::cell::RefCell pointer type",
        "parameters": [
          {
            "name": "T"
          }
        ],
        "fallback": {
          "name": "T"
        }
      },
      {
        "kind": "primitive",
        "name": "std::collections::HashMap",
        "description": "Key-value map type",
        "parameters": [
          {
            "name": "K"
          },
          {
            "name": "V"
          }
        ]
      },
      {
        "kind": "primitive",
        "name": "std::collections::HashSet",
        "description": "Value set type",
        "parameters": [
          {
            "name": "V"
          }
        ],
        "fallback": {
          "name": "std::array::Array",
          "parameters": [
            {
              "name": "V"
            }
          ]
        }
      },
      {
        "kind": "primitive",
        "name": "std::marker::PhantomData",
        "description": "Zero-sized phantom data",
        "parameters": [
          {
            "name": "T"
          }
        ]
      },
      {
        "kind": "enum",
        "name": "std::option::Option",
        "description": "Optional nullable type",
        "parameters": [
          {
            "name": "T"
          }
        ],
        "representation": "None",
        "variants": [
          {
            "name": "None",
            "description": "The value is not provided, i.e. null"
          },
          {
            "name": "Some",
            "description": "The value is provided and set to some value",
            "fields": [
              {
                "name": "0",
                "type": {
                  "name": "T"
                }
              }
            ]
          }
        ]
      },
      {
        "kind": "primitive",
        "name": "std::string::String",
        "description": "UTF-8 encoded string"
      },
      {
        "kind": "primitive",
        "name": "std::sync::Arc",
        "description": "std::sync::Arc pointer type",
        "parameters": [
          {
            "name": "T"
          }
        ],
        "fallback": {
          "name": "T"
        }
      },
      {
        "kind": "primitive",
        "name": "std::sync::Mutex",
        "description": "std::sync::Mutex pointer type",
        "parameters": [
          {
            "name": "T"
          }
        ],
        "fallback": {
          "name": "T"
        }
      },
      {
        "kind": "primitive",
        "name": "std::sync::RwLock",
        "description": "std::sync::RwLock pointer type",
        "parameters": [
          {
            "name": "T"
          }
        ],
        "fallback": {
          "name": "T"
        }
      },
      {
        "kind": "primitive",
        "name": "std::sync::Weak",
        "description": "std::sync::Weak pointer type",
        "parameters": [
          {
            "name": "T"
          }
        ],
        "fallback": {
          "name": "T"
        }
      },
      {
        "kind": "primitive",
        "name": "std::tuple::Tuple10",
        "description": "Tuple holding 10 elements",
        "parameters": [
          {
            "name": "T1"
          },
          {
            "name": "T2"
          },
          {
            "name": "T3"
          },
          {
            "name": "T4"
          },
          {
            "name": "T5"
          },
          {
            "name": "T6"
          },
          {
            "name": "T7"
          },
          {
            "name": "T8"
          },
          {
            "name": "T9"
          },
          {
            "name": "T10"
          }
        ]
      },
      {
        "kind": "primitive",
        "name": "std::tuple::Tuple11",
        "description": "Tuple holding 11 elements",
        "parameters": [
          {
            "name": "T1"
          },
          {
            "name": "T2"
          },
          {
            "name": "T3"
          },
          {
            "name": "T4"
          },
          {
            "name": "T5"
          },
          {
            "name": "T6"
          },
          {
            "name": "T7"
          },
          {
            "name": "T8"
          },
          {
            "name": "T9"
          },
          {
            "name": "T10"
          },
          {
            "name": "T11"
          }
        ]
      },
      {
        "kind": "primitive",
        "name": "std::tuple::Tuple12",
        "description": "Tuple holding 12 elements",
        "parameters": [
          {
            "name": "T1"
          },
          {
            "name": "T2"
          },
          {
            "name": "T3"
          },
          {
            "name": "T4"
          },
          {
            "name": "T5"
          },
          {
            "name": "T6"
          },
          {
            "name": "T7"
          },
          {
            "name": "T8"
          },
          {
            "name": "T9"
          },
          {
            "name": "T10"
          },
          {
            "name": "T11"
          },
          {
            "name": "T12"
          }
        ]
      },
      {
        "kind": "primitive",
        "name": "std::tuple::Tuple2",
        "description": "Tuple holding 2 elements",
        "parameters": [
          {
            "name": "T1"
          },
          {
            "name": "T2"
          }
        ]
      },
      {
        "kind": "primitive",
        "name": "std::tuple::Tuple3",
        "description": "Tuple holding 3 elements",
        "parameters": [
          {
            "name": "T1"
          },
          {
            "name": "T2"
          },
          {
            "name": "T3"
          }
        ]
      },
      {
        "kind": "primitive",
        "name": "std::tuple::Tuple4",
        "description": "Tuple holding 4 elements",
        "parameters": [
          {
            "name": "T1"
          },
          {
            "name": "T2"
          },
          {
            "name": "T3"
          },
          {
            "name": "T4"
          }
        ]
      },
      {
        "kind": "primitive",
        "name": "std::tuple::Tuple5",
        "description": "Tuple holding 5 elements",
        "parameters": [
          {
            "name": "T1"
          },
          {
            "name": "T2"
          },
          {
            "name": "T3"
          },
          {
            "name": "T4"
          },
          {
            "name": "T5"
          }
        ]
      },
      {
        "kind": "primitive",
        "name": "std::tuple::Tuple6",
        "description": "Tuple holding 6 elements",
        "parameters": [
          {
            "name": "T1"
          },
          {
            "name": "T2"
          },
          {
            "name": "T3"
          },
          {
            "name": "T4"
          },
          {
            "name": "T5"
          },
          {
            "name": "T6"
          }
        ]
      },
      {
        "kind": "primitive",
        "name": "std::tuple::Tuple7",
        "description": "Tuple holding 7 elements",
        "parameters": [
          {
            "name": "T1"
          },
          {
            "name": "T2"
          },
          {
            "name": "T3"
          },
          {
            "name": "T4"
          },
          {
            "name": "T5"
          },
          {
            "name": "T6"
          },
          {
            "name": "T7"
          }
        ]
      },
      {
        "kind": "primitive",
        "name": "std::tuple::Tuple8",
        "description": "Tuple holding 8 elements",
        "parameters": [
          {
            "name": "T1"
          },
          {
            "name": "T2"
          },
          {
            "name": "T3"
          },
          {
            "name": "T4"
          },
          {
            "name": "T5"
          },
          {
            "name": "T6"
          },
          {
            "name": "T7"
          },
          {
            "name": "T8"
          }
        ]
      },
      {
        "kind": "primitive",
        "name": "std::tuple::Tuple9",
        "description": "Tuple holding 9 elements",
        "parameters": [
          {
            "name": "T1"
          },
          {
            "name": "T2"
          },
          {
            "name": "T3"
          },
          {
            "name": "T4"
          },
          {
            "name": "T5"
          },
          {
            "name": "T6"
          },
          {
            "name": "T7"
          },
          {
            "name": "T8"
          },
          {
            "name": "T9"
          }
        ]
      },
      {
        "kind": "primitive",
        "name": "std::vec::Vec",
        "description": "Expandable array type",
        "parameters": [
          {
            "name": "T"
          }
        ]
      },
      {
        "kind": "primitive",
        "name": "u128",
        "description": "128-bit unsigned integer"
      },
      {
        "kind": "primitive",
        "name": "u16",
        "description": "16-bit unsigned integer"
      },
      {
        "kind": "primitive",
        "name": "u32",
        "description": "32-bit unsigned integer"
      },
      {
        "kind": "primitive",
        "name": "u64",
        "description": "64-bit unsigned integer"
      },
      {
        "kind": "primitive",
        "name": "u8",
        "description": "8-bit unsigned integer"
      },
      {
        "kind": "primitive",
        "name": "usize",
        "description": "Machine-specific-bit unsigned integer",
        "fallback": {
          "name": "u64"
        }
      }
    ]
  }
}
