---
source: reflect-demo/src/tests/basic.rs
expression: "super::into_schema::<TestStructWithTuple12>()"
---
{
  "name": "",
  "input_types": {
    "types": [
      {
        "kind": "struct",
        "name": "reflect::Empty",
        "description": "Struct object with no fields"
      },
      {
        "kind": "struct",
        "name": "reflect_demo::tests::basic::TestStructWithTuple12",
        "fields": [
          {
            "name": "_f",
            "type": {
              "name": "std::tuple::Tuple12",
              "parameters": [
                {
                  "name": "u8"
                },
                {
                  "name": "std::string::String"
                },
                {
                  "name": "u8"
                },
                {
                  "name": "std::string::String"
                },
                {
                  "name": "u8"
                },
                {
                  "name": "std::string::String"
                },
                {
                  "name": "u8"
                },
                {
                  "name": "std::string::String"
                },
                {
                  "name": "u8"
                },
                {
                  "name": "std::string::String"
                },
                {
                  "name": "u8"
                },
                {
                  "name": "std::string::String"
                }
              ]
            },
            "required": true
          }
        ]
      },
      {
        "kind": "primitive",
        "name": "std::string::String",
        "description": "UTF-8 encoded string"
      },
      {
        "kind": "primitive",
        "name": "std::tuple::Tuple12",
        "description": "Tuple holding 12 elements",
        "parameters": [
          {
            "name": "T1"
          },
          {
            "name": "T2"
          },
          {
            "name": "T3"
          },
          {
            "name": "T4"
          },
          {
            "name": "T5"
          },
          {
            "name": "T6"
          },
          {
            "name": "T7"
          },
          {
            "name": "T8"
          },
          {
            "name": "T9"
          },
          {
            "name": "T10"
          },
          {
            "name": "T11"
          },
          {
            "name": "T12"
          }
        ]
      },
      {
        "kind": "primitive",
        "name": "u8",
        "description": "8-bit unsigned integer"
      }
    ]
  },
  "output_types": {
    "types": [
      {
        "kind": "struct",
        "name": "reflect::Infallible",
        "description": "Error object which is expected to be never returned"
      },
      {
        "kind": "struct",
        "name": "reflect_demo::tests::basic::TestStructWithTuple12",
        "fields": [
          {
            "name": "_f",
            "type": {
              "name": "std::tuple::Tuple12",
              "parameters": [
                {
                  "name": "u8"
                },
                {
                  "name": "std::string::String"
                },
                {
                  "name": "u8"
                },
                {
                  "name": "std::string::String"
                },
                {
                  "name": "u8"
                },
                {
                  "name": "std::string::String"
                },
                {
                  "name": "u8"
                },
                {
                  "name": "std::string::String"
                },
                {
                  "name": "u8"
                },
                {
                  "name": "std::string::String"
                },
                {
                  "name": "u8"
                },
                {
                  "name": "std::string::String"
                }
              ]
            },
            "required": true
          }
        ]
      },
      {
        "kind": "primitive",
        "name": "std::string::String",
        "description": "UTF-8 encoded string"
      },
      {
        "kind": "primitive",
        "name": "std::tuple::Tuple12",
        "description": "Tuple holding 12 elements",
        "parameters": [
          {
            "name": "T1"
          },
          {
            "name": "T2"
          },
          {
            "name": "T3"
          },
          {
            "name": "T4"
          },
          {
            "name": "T5"
          },
          {
            "name": "T6"
          },
          {
            "name": "T7"
          },
          {
            "name": "T8"
          },
          {
            "name": "T9"
          },
          {
            "name": "T10"
          },
          {
            "name": "T11"
          },
          {
            "name": "T12"
          }
        ]
      },
      {
        "kind": "primitive",
        "name": "u8",
        "description": "8-bit unsigned integer"
      }
    ]
  }
}
