---
source: reflect-demo/src/tests/basic.rs
expression: "TestStructOneBasicFieldStringReflectBothDifferently::reflect_input()"
---
{
  "name": "",
  "types": [
    {
      "kind": "primitive",
      "name": "i32",
      "description": "32-bit signed integer"
    },
    {
      "kind": "struct",
      "name": "reflect_demo::tests::basic::TestStructOneBasicFieldStringReflectBothDifferently",
      "fields": [
        {
          "name": "_f",
          "type": {
            "name": "i32"
          }
        }
      ]
    }
  ]
}
