---
source: reflect-demo/src/tests/enums.rs
expression: "TestEnumWithGenerics::<u8>::reflect_input()"
---
[
  {
    "name": "reflect_demo::tests::enums::TestEnumWithGenerics",
    "parameters": [
      {
        "name": "u8"
      }
    ]
  },
  {
    "types": [
      {
        "kind": "enum",
        "name": "reflect_demo::tests::enums::TestEnumWithGenerics",
        "parameters": [
          {
            "name": "T"
          }
        ],
        "variants": [
          {
            "name": "Variant1",
            "fields": [
              {
                "name": "0",
                "type": {
                  "name": "T"
                },
                "required": true
              }
            ]
          },
          {
            "name": "Variant2",
            "fields": [
              {
                "name": "0",
                "type": {
                  "name": "T"
                },
                "required": true
              },
              {
                "name": "1",
                "type": {
                  "name": "T"
                },
                "required": true
              }
            ]
          }
        ]
      },
      {
        "kind": "primitive",
        "name": "u8",
        "description": "8-bit unsigned integer"
      }
    ]
  }
]
