---
source: reflect-demo/src/tests/basic.rs
expression: "TestStructWithVec::reflect_output()"
---
[
  {
    "name": "reflect_demo::tests::basic::TestStructWithVec"
  },
  {
    "name": "",
    "types": [
      {
        "kind": "struct",
        "name": "reflect_demo::tests::basic::TestStructWithVec",
        "fields": [
          {
            "name": "_f",
            "type": {
              "name": "std::vec::Vec",
              "parameters": [
                {
                  "name": "u8"
                }
              ]
            }
          }
        ]
      },
      {
        "kind": "primitive",
        "name": "std::vec::Vec",
        "description": "Expandable array type",
        "parameters": [
          {
            "name": "T"
          }
        ]
      },
      {
        "kind": "primitive",
        "name": "u8",
        "description": "8-bit unsigned integer"
      }
    ]
  }
]
