---
source: reflect-demo/src/tests/serde.rs
expression: "(TestEnumTagContentRenameAll::reflect_input(),\n    TestEnumTagContentRenameAll::reflect_output())"
---
[
  [
    {
      "name": "reflect_demo::tests::serde::TestEnumTagContentRenameAll"
    },
    {
      "types": [
        {
          "kind": "enum",
          "name": "reflect_demo::tests::serde::TestEnumTagContentRenameAll",
          "representation": {
            "Adjacent": {
              "tag": "type",
              "content": "content"
            }
          },
          "variants": [
            {
              "name": "variant1",
              "fields": [
                {
                  "name": "field_name",
                  "type": {
                    "name": "u8"
                  },
                  "required": true
                }
              ]
            },
            {
              "name": "variant2",
              "fields": [
                {
                  "name": "0",
                  "type": {
                    "name": "u8"
                  },
                  "required": true
                }
              ]
            }
          ]
        },
        {
          "kind": "primitive",
          "name": "u8",
          "description": "8-bit unsigned integer"
        }
      ]
    }
  ],
  [
    {
      "name": "reflect_demo::tests::serde::TestEnumTagContentRenameAll"
    },
    {
      "types": [
        {
          "kind": "enum",
          "name": "reflect_demo::tests::serde::TestEnumTagContentRenameAll",
          "representation": {
            "Adjacent": {
              "tag": "type",
              "content": "content"
            }
          },
          "variants": [
            {
              "name": "variant1",
              "fields": [
                {
                  "name": "field_name",
                  "type": {
                    "name": "u8"
                  },
                  "required": true
                }
              ]
            },
            {
              "name": "variant2",
              "fields": [
                {
                  "name": "0",
                  "type": {
                    "name": "u8"
                  },
                  "required": true
                }
              ]
            }
          ]
        },
        {
          "kind": "primitive",
          "name": "u8",
          "description": "8-bit unsigned integer"
        }
      ]
    }
  ]
]
