---
source: reflect-demo/src/tests/generics.rs
expression: "TestStructWithSimpleGeneric::<u8>::reflect_input()"
---
[
  {
    "name": "reflect_demo::tests::generics::TestStructWithSimpleGeneric",
    "parameters": [
      {
        "name": "u8"
      }
    ]
  },
  {
    "name": "",
    "types": [
      {
        "kind": "struct",
        "name": "reflect_demo::tests::generics::TestStructWithSimpleGeneric",
        "parameters": [
          {
            "name": "A"
          }
        ],
        "fields": [
          {
            "name": "_f",
            "type": {
              "name": "A"
            }
          }
        ]
      },
      {
        "kind": "primitive",
        "name": "u8",
        "description": "8-bit unsigned integer"
      }
    ]
  }
]
