---
source: reflect-demo/src/tests/basic.rs
expression: "TestStructEmpty::reflect_input()"
---
[
  {
    "name": "reflect_demo::tests::basic::TestStructEmpty"
  },
  {
    "name": "",
    "types": [
      {
        "kind": "struct",
        "name": "reflect_demo::tests::basic::TestStructEmpty"
      }
    ]
  }
]
